
> build
> vite build

vite v8.0.0 building ssr environment for production...
[2Ktransforming...✓ 194 modules transformed.
rendering chunks...
vite v8.0.0 building client environment for production...
[2Ktransforming...[plugin rolldown:vite-resolve] Module "path" has been externalized for browser compatibility, imported by "/Users/lvt53/Desktop/langflow-design/node_modules/jsdom/lib/api.js". See https://vite.dev/guide/troubleshooting.html#module-externalized-for-browser-compatibility for more details.
[plugin rolldown:vite-resolve] Module "url" has been externalized for browser compatibility, imported by "/Users/lvt53/Desktop/langflow-design/node_modules/jsdom/lib/api.js". See https://vite.dev/guide/troubleshooting.html#module-externalized-for-browser-compatibility for more details.
[plugin rolldown:vite-resolve] Module "fs" has been externalized for browser compatibility, imported by "/Users/lvt53/Desktop/langflow-design/node_modules/jsdom/lib/api.js". See https://vite.dev/guide/troubleshooting.html#module-externalized-for-browser-compatibility for more details.
[plugin rolldown:vite-resolve] Module "vm" has been externalized for browser compatibility, imported by "/Users/lvt53/Desktop/langflow-design/node_modules/jsdom/lib/api.js". See https://vite.dev/guide/troubleshooting.html#module-externalized-for-browser-compatibility for more details.
[plugin rolldown:vite-resolve] Module "path" has been externalized for browser compatibility, imported by "/Users/lvt53/Desktop/langflow-design/node_modules/jsdom/lib/api.js". See https://vite.dev/guide/troubleshooting.html#module-externalized-for-browser-compatibility for more details.
[plugin rolldown:vite-resolve] Module "url" has been externalized for browser compatibility, imported by "/Users/lvt53/Desktop/langflow-design/node_modules/jsdom/lib/api.js". See https://vite.dev/guide/troubleshooting.html#module-externalized-for-browser-compatibility for more details.
[plugin rolldown:vite-resolve] Module "fs" has been externalized for browser compatibility, imported by "/Users/lvt53/Desktop/langflow-design/node_modules/jsdom/lib/api.js". See https://vite.dev/guide/troubleshooting.html#module-externalized-for-browser-compatibility for more details.
[plugin rolldown:vite-resolve] Module "vm" has been externalized for browser compatibility, imported by "/Users/lvt53/Desktop/langflow-design/node_modules/jsdom/lib/api.js". See https://vite.dev/guide/troubleshooting.html#module-externalized-for-browser-compatibility for more details.
[plugin rolldown:vite-resolve] Module "events" has been externalized for browser compatibility, imported by "/Users/lvt53/Desktop/langflow-design/node_modules/jsdom/lib/jsdom/virtual-console.js". See https://vite.dev/guide/troubleshooting.html#module-externalized-for-browser-compatibility for more details.
[plugin rolldown:vite-resolve] Module "stream" has been externalized for browser compatibility, imported by "/Users/lvt53/Desktop/langflow-design/node_modules/jsdom/lib/jsdom/browser/resources/request-interceptor.js". See https://vite.dev/guide/troubleshooting.html#module-externalized-for-browser-compatibility for more details.
[plugin rolldown:vite-resolve] Module "stream" has been externalized for browser compatibility, imported by "/Users/lvt53/Desktop/langflow-design/node_modules/jsdom/lib/jsdom/browser/resources/decompress-interceptor.js". See https://vite.dev/guide/troubleshooting.html#module-externalized-for-browser-compatibility for more details.
[plugin rolldown:vite-resolve] Module "zlib" has been externalized for browser compatibility, imported by "/Users/lvt53/Desktop/langflow-design/node_modules/jsdom/lib/jsdom/browser/resources/decompress-interceptor.js". See https://vite.dev/guide/troubleshooting.html#module-externalized-for-browser-compatibility for more details.
[plugin rolldown:vite-resolve] Module "node:vm" has been externalized for browser compatibility, imported by "/Users/lvt53/Desktop/langflow-design/node_modules/jsdom/lib/jsdom/browser/Window.js". See https://vite.dev/guide/troubleshooting.html#module-externalized-for-browser-compatibility for more details.
[plugin rolldown:vite-resolve] Module "fs" has been externalized for browser compatibility, imported by "/Users/lvt53/Desktop/langflow-design/node_modules/jsdom/lib/jsdom/browser/resources/jsdom-dispatcher.js". See https://vite.dev/guide/troubleshooting.html#module-externalized-for-browser-compatibility for more details.
[plugin rolldown:vite-resolve] Module "url" has been externalized for browser compatibility, imported by "/Users/lvt53/Desktop/langflow-design/node_modules/jsdom/lib/jsdom/browser/resources/jsdom-dispatcher.js". See https://vite.dev/guide/troubleshooting.html#module-externalized-for-browser-compatibility for more details.
[plugin rolldown:vite-resolve] Module "stream" has been externalized for browser compatibility, imported by "/Users/lvt53/Desktop/langflow-design/node_modules/jsdom/lib/jsdom/browser/resources/jsdom-dispatcher.js". See https://vite.dev/guide/troubleshooting.html#module-externalized-for-browser-compatibility for more details.
[plugin rolldown:vite-resolve] Module "stream" has been externalized for browser compatibility, imported by "/Users/lvt53/Desktop/langflow-design/node_modules/jsdom/lib/jsdom/browser/resources/request-interceptor.js". See https://vite.dev/guide/troubleshooting.html#module-externalized-for-browser-compatibility for more details.
[plugin rolldown:vite-resolve] Module "events" has been externalized for browser compatibility, imported by "/Users/lvt53/Desktop/langflow-design/node_modules/jsdom/lib/jsdom/virtual-console.js". See https://vite.dev/guide/troubleshooting.html#module-externalized-for-browser-compatibility for more details.
[plugin rolldown:vite-resolve] Module "stream" has been externalized for browser compatibility, imported by "/Users/lvt53/Desktop/langflow-design/node_modules/jsdom/lib/jsdom/browser/resources/decompress-interceptor.js". See https://vite.dev/guide/troubleshooting.html#module-externalized-for-browser-compatibility for more details.
[plugin rolldown:vite-resolve] Module "zlib" has been externalized for browser compatibility, imported by "/Users/lvt53/Desktop/langflow-design/node_modules/jsdom/lib/jsdom/browser/resources/decompress-interceptor.js". See https://vite.dev/guide/troubleshooting.html#module-externalized-for-browser-compatibility for more details.
[plugin rolldown:vite-resolve] Module "node:vm" has been externalized for browser compatibility, imported by "/Users/lvt53/Desktop/langflow-design/node_modules/jsdom/lib/jsdom/browser/Window.js". See https://vite.dev/guide/troubleshooting.html#module-externalized-for-browser-compatibility for more details.
[plugin rolldown:vite-resolve] Module "fs" has been externalized for browser compatibility, imported by "/Users/lvt53/Desktop/langflow-design/node_modules/jsdom/lib/jsdom/browser/resources/jsdom-dispatcher.js". See https://vite.dev/guide/troubleshooting.html#module-externalized-for-browser-compatibility for more details.
[plugin rolldown:vite-resolve] Module "url" has been externalized for browser compatibility, imported by "/Users/lvt53/Desktop/langflow-design/node_modules/jsdom/lib/jsdom/browser/resources/jsdom-dispatcher.js". See https://vite.dev/guide/troubleshooting.html#module-externalized-for-browser-compatibility for more details.
[plugin rolldown:vite-resolve] Module "stream" has been externalized for browser compatibility, imported by "/Users/lvt53/Desktop/langflow-design/node_modules/jsdom/lib/jsdom/browser/resources/jsdom-dispatcher.js". See https://vite.dev/guide/troubleshooting.html#module-externalized-for-browser-compatibility for more details.
[plugin rolldown:vite-resolve] Module "node:events" has been externalized for browser compatibility, imported by "/Users/lvt53/Desktop/langflow-design/node_modules/undici/lib/dispatcher/dispatcher.js". See https://vite.dev/guide/troubleshooting.html#module-externalized-for-browser-compatibility for more details.
[plugin rolldown:vite-resolve] Module "node:net" has been externalized for browser compatibility, imported by "/Users/lvt53/Desktop/langflow-design/node_modules/undici/lib/dispatcher/socks5-proxy-agent.js". See https://vite.dev/guide/troubleshooting.html#module-externalized-for-browser-compatibility for more details.
[plugin rolldown:vite-resolve] Module "node:tls" has been externalized for browser compatibility, imported by "/Users/lvt53/Desktop/langflow-design/node_modules/undici/lib/dispatcher/socks5-proxy-agent.js". See https://vite.dev/guide/troubleshooting.html#module-externalized-for-browser-compatibility for more details.
[plugin rolldown:vite-resolve] Module "node:net" has been externalized for browser compatibility, imported by "/Users/lvt53/Desktop/langflow-design/node_modules/undici/lib/core/connect.js". See https://vite.dev/guide/troubleshooting.html#module-externalized-for-browser-compatibility for more details.
[plugin rolldown:vite-resolve] Module "node:assert" has been externalized for browser compatibility, imported by "/Users/lvt53/Desktop/langflow-design/node_modules/undici/lib/core/connect.js". See https://vite.dev/guide/troubleshooting.html#module-externalized-for-browser-compatibility for more details.
[plugin rolldown:vite-resolve] Module "node:url" has been externalized for browser compatibility, imported by "/Users/lvt53/Desktop/langflow-design/node_modules/undici/lib/dispatcher/socks5-proxy-agent.js". See https://vite.dev/guide/troubleshooting.html#module-externalized-for-browser-compatibility for more details.
[plugin rolldown:vite-resolve] Module "node:tls" has been externalized for browser compatibility, imported by "/Users/lvt53/Desktop/langflow-design/node_modules/undici/lib/core/connect.js". See https://vite.dev/guide/troubleshooting.html#module-externalized-for-browser-compatibility for more details.
[plugin rolldown:vite-resolve] Module "node:util" has been externalized for browser compatibility, imported by "/Users/lvt53/Desktop/langflow-design/node_modules/undici/lib/dispatcher/socks5-proxy-agent.js". See https://vite.dev/guide/troubleshooting.html#module-externalized-for-browser-compatibility for more details.
[plugin rolldown:vite-resolve] Module "node:assert" has been externalized for browser compatibility, imported by "/Users/lvt53/Desktop/langflow-design/node_modules/undici/lib/handler/decorator-handler.js". See https://vite.dev/guide/troubleshooting.html#module-externalized-for-browser-compatibility for more details.
[plugin rolldown:vite-resolve] Module "node:util" has been externalized for browser compatibility, imported by "/Users/lvt53/Desktop/langflow-design/node_modules/undici/lib/mock/mock-pool.js". See https://vite.dev/guide/troubleshooting.html#module-externalized-for-browser-compatibility for more details.
[plugin rolldown:vite-resolve] Module "node:util" has been externalized for browser compatibility, imported by "/Users/lvt53/Desktop/langflow-design/node_modules/undici/lib/mock/mock-client.js". See https://vite.dev/guide/troubleshooting.html#module-externalized-for-browser-compatibility for more details.
[plugin rolldown:vite-resolve] Module "node:net" has been externalized for browser compatibility, imported by "/Users/lvt53/Desktop/langflow-design/node_modules/undici/lib/dispatcher/client.js". See https://vite.dev/guide/troubleshooting.html#module-externalized-for-browser-compatibility for more details.
[plugin rolldown:vite-resolve] Module "node:assert" has been externalized for browser compatibility, imported by "/Users/lvt53/Desktop/langflow-design/node_modules/undici/lib/dispatcher/client.js". See https://vite.dev/guide/troubleshooting.html#module-externalized-for-browser-compatibility for more details.
[plugin rolldown:vite-resolve] Module "node:http" has been externalized for browser compatibility, imported by "/Users/lvt53/Desktop/langflow-design/node_modules/undici/lib/dispatcher/client.js". See https://vite.dev/guide/troubleshooting.html#module-externalized-for-browser-compatibility for more details.
[plugin rolldown:vite-resolve] Module "node:events" has been externalized for browser compatibility, imported by "/Users/lvt53/Desktop/langflow-design/node_modules/undici/lib/cache/memory-cache-store.js". See https://vite.dev/guide/troubleshooting.html#module-externalized-for-browser-compatibility for more details.
[plugin rolldown:vite-resolve] Module "node:stream" has been externalized for browser compatibility, imported by "/Users/lvt53/Desktop/langflow-design/node_modules/undici/lib/cache/memory-cache-store.js". See https://vite.dev/guide/troubleshooting.html#module-externalized-for-browser-compatibility for more details.
[plugin rolldown:vite-resolve] Module "node:diagnostics_channel" has been externalized for browser compatibility, imported by "/Users/lvt53/Desktop/langflow-design/node_modules/undici/lib/interceptor/deduplicate.js". See https://vite.dev/guide/troubleshooting.html#module-externalized-for-browser-compatibility for more details.
[plugin rolldown:vite-resolve] Module "node:net" has been externalized for browser compatibility, imported by "/Users/lvt53/Desktop/langflow-design/node_modules/undici/lib/interceptor/dns.js". See https://vite.dev/guide/troubleshooting.html#module-externalized-for-browser-compatibility for more details.
[plugin rolldown:vite-resolve] Module "node:dns" has been externalized for browser compatibility, imported by "/Users/lvt53/Desktop/langflow-design/node_modules/undici/lib/interceptor/dns.js". See https://vite.dev/guide/troubleshooting.html#module-externalized-for-browser-compatibility for more details.
[plugin rolldown:vite-resolve] Module "node:util" has been externalized for browser compatibility, imported by "/Users/lvt53/Desktop/langflow-design/node_modules/undici/lib/web/fetch/formdata.js". See https://vite.dev/guide/troubleshooting.html#module-externalized-for-browser-compatibility for more details.
[plugin rolldown:vite-resolve] Module "node:assert" has been externalized for browser compatibility, imported by "/Users/lvt53/Desktop/langflow-design/node_modules/undici/lib/handler/retry-handler.js". See https://vite.dev/guide/troubleshooting.html#module-externalized-for-browser-compatibility for more details.
[plugin rolldown:vite-resolve] Module "node:stream" has been externalized for browser compatibility, imported by "/Users/lvt53/Desktop/langflow-design/node_modules/undici/lib/cache/sqlite-cache-store.js". See https://vite.dev/guide/troubleshooting.html#module-externalized-for-browser-compatibility for more details.
[plugin rolldown:vite-resolve] Module "node:sqlite" has been externalized for browser compatibility, imported by "/Users/lvt53/Desktop/langflow-design/node_modules/undici/lib/cache/sqlite-cache-store.js". See https://vite.dev/guide/troubleshooting.html#module-externalized-for-browser-compatibility for more details.
[plugin rolldown:vite-resolve] Module "node:assert" has been externalized for browser compatibility, imported by "/Users/lvt53/Desktop/langflow-design/node_modules/undici/lib/web/fetch/response.js". See https://vite.dev/guide/troubleshooting.html#module-externalized-for-browser-compatibility for more details.
[plugin rolldown:vite-resolve] Module "node:util" has been externalized for browser compatibility, imported by "/Users/lvt53/Desktop/langflow-design/node_modules/undici/lib/web/fetch/response.js". See https://vite.dev/guide/troubleshooting.html#module-externalized-for-browser-compatibility for more details.
[plugin rolldown:vite-resolve] Module "node:stream" has been externalized for browser compatibility, imported by "/Users/lvt53/Desktop/langflow-design/node_modules/undici/lib/interceptor/cache.js". See https://vite.dev/guide/troubleshooting.html#module-externalized-for-browser-compatibility for more details.
[plugin rolldown:vite-resolve] Module "node:assert" has been externalized for browser compatibility, imported by "/Users/lvt53/Desktop/langflow-design/node_modules/undici/lib/interceptor/cache.js". See https://vite.dev/guide/troubleshooting.html#module-externalized-for-browser-compatibility for more details.
[plugin rolldown:vite-resolve] Module "node:events" has been externalized for browser compatibility, imported by "/Users/lvt53/Desktop/langflow-design/node_modules/undici/lib/core/util.js". See https://vite.dev/guide/troubleshooting.html#module-externalized-for-browser-compatibility for more details.
[plugin rolldown:vite-resolve] Module "node:stream" has been externalized for browser compatibility, imported by "/Users/lvt53/Desktop/langflow-design/node_modules/undici/lib/core/util.js". See https://vite.dev/guide/troubleshooting.html#module-externalized-for-browser-compatibility for more details.
[plugin rolldown:vite-resolve] Module "node:querystring" has been externalized for browser compatibility, imported by "/Users/lvt53/Desktop/langflow-design/node_modules/undici/lib/core/util.js". See https://vite.dev/guide/troubleshooting.html#module-externalized-for-browser-compatibility for more details.
[plugin rolldown:vite-resolve] Module "node:net" has been externalized for browser compatibility, imported by "/Users/lvt53/Desktop/langflow-design/node_modules/undici/lib/core/util.js". See https://vite.dev/guide/troubleshooting.html#module-externalized-for-browser-compatibility for more details.
[plugin rolldown:vite-resolve] Module "node:assert" has been externalized for browser compatibility, imported by "/Users/lvt53/Desktop/langflow-design/node_modules/undici/lib/core/util.js". See https://vite.dev/guide/troubleshooting.html#module-externalized-for-browser-compatibility for more details.
[plugin rolldown:vite-resolve] Module "node:http" has been externalized for browser compatibility, imported by "/Users/lvt53/Desktop/langflow-design/node_modules/undici/lib/core/util.js". See https://vite.dev/guide/troubleshooting.html#module-externalized-for-browser-compatibility for more details.
[plugin rolldown:vite-resolve] Module "node:stream" has been externalized for browser compatibility, imported by "/Users/lvt53/Desktop/langflow-design/node_modules/undici/lib/web/eventsource/eventsource.js". See https://vite.dev/guide/troubleshooting.html#module-externalized-for-browser-compatibility for more details.
[plugin rolldown:vite-resolve] Module "node:assert" has been externalized for browser compatibility, imported by "/Users/lvt53/Desktop/langflow-design/node_modules/undici/lib/web/fetch/data-url.js". See https://vite.dev/guide/troubleshooting.html#module-externalized-for-browser-compatibility for more details.
[plugin rolldown:vite-resolve] Module "node:util/types" has been externalized for browser compatibility, imported by "/Users/lvt53/Desktop/langflow-design/node_modules/undici/lib/web/websocket/websocket.js". See https://vite.dev/guide/troubleshooting.html#module-externalized-for-browser-compatibility for more details.
[plugin rolldown:vite-resolve] Module "util" has been externalized for browser compatibility, imported by "/Users/lvt53/Desktop/langflow-design/node_modules/jsdom/lib/jsdom/living/helpers/runtime-script-errors.js". See https://vite.dev/guide/troubleshooting.html#module-externalized-for-browser-compatibility for more details.
[plugin rolldown:vite-resolve] Module "node:stream" has been externalized for browser compatibility, imported by "/Users/lvt53/Desktop/langflow-design/node_modules/undici/lib/interceptor/decompress.js". See https://vite.dev/guide/troubleshooting.html#module-externalized-for-browser-compatibility for more details.
[plugin rolldown:vite-resolve] Module "node:zlib" has been externalized for browser compatibility, imported by "/Users/lvt53/Desktop/langflow-design/node_modules/undici/lib/interceptor/decompress.js". See https://vite.dev/guide/troubleshooting.html#module-externalized-for-browser-compatibility for more details.
[plugin rolldown:vite-resolve] Module "node:fs" has been externalized for browser compatibility, imported by "/Users/lvt53/Desktop/langflow-design/node_modules/jsdom/lib/jsdom/living/css/helpers/computed-style.js". See https://vite.dev/guide/troubleshooting.html#module-externalized-for-browser-compatibility for more details.
[plugin rolldown:vite-resolve] Module "node:assert" has been externalized for browser compatibility, imported by "/Users/lvt53/Desktop/langflow-design/node_modules/undici/lib/handler/redirect-handler.js". See https://vite.dev/guide/troubleshooting.html#module-externalized-for-browser-compatibility for more details.
[plugin rolldown:vite-resolve] Module "node:events" has been externalized for browser compatibility, imported by "/Users/lvt53/Desktop/langflow-design/node_modules/undici/lib/handler/redirect-handler.js". See https://vite.dev/guide/troubleshooting.html#module-externalized-for-browser-compatibility for more details.
[plugin rolldown:vite-resolve] Module "node:path" has been externalized for browser compatibility, imported by "/Users/lvt53/Desktop/langflow-design/node_modules/jsdom/lib/jsdom/living/css/helpers/computed-style.js". See https://vite.dev/guide/troubleshooting.html#module-externalized-for-browser-compatibility for more details.
[plugin rolldown:vite-resolve] Module "node:util" has been externalized for browser compatibility, imported by "/Users/lvt53/Desktop/langflow-design/node_modules/undici/lib/web/fetch/headers.js". See https://vite.dev/guide/troubleshooting.html#module-externalized-for-browser-compatibility for more details.
[plugin rolldown:vite-resolve] Module "node:assert" has been externalized for browser compatibility, imported by "/Users/lvt53/Desktop/langflow-design/node_modules/undici/lib/web/fetch/headers.js". See https://vite.dev/guide/troubleshooting.html#module-externalized-for-browser-compatibility for more details.
[plugin rolldown:vite-resolve] Module "node:assert" has been externalized for browser compatibility, imported by "/Users/lvt53/Desktop/langflow-design/node_modules/undici/lib/web/fetch/request.js". See https://vite.dev/guide/troubleshooting.html#module-externalized-for-browser-compatibility for more details.
[plugin rolldown:vite-resolve] Module "node:events" has been externalized for browser compatibility, imported by "/Users/lvt53/Desktop/langflow-design/node_modules/undici/lib/web/fetch/request.js". See https://vite.dev/guide/troubleshooting.html#module-externalized-for-browser-compatibility for more details.
[plugin rolldown:vite-resolve] Module "node:util" has been externalized for browser compatibility, imported by "/Users/lvt53/Desktop/langflow-design/node_modules/undici/lib/web/fetch/request.js". See https://vite.dev/guide/troubleshooting.html#module-externalized-for-browser-compatibility for more details.
[plugin rolldown:vite-resolve] Module "node:events" has been externalized for browser compatibility, imported by "/Users/lvt53/Desktop/langflow-design/node_modules/undici/lib/web/fetch/index.js". See https://vite.dev/guide/troubleshooting.html#module-externalized-for-browser-compatibility for more details.
[plugin rolldown:vite-resolve] Module "node:stream" has been externalized for browser compatibility, imported by "/Users/lvt53/Desktop/langflow-design/node_modules/undici/lib/web/fetch/index.js". See https://vite.dev/guide/troubleshooting.html#module-externalized-for-browser-compatibility for more details.
[plugin rolldown:vite-resolve] Module "node:buffer" has been externalized for browser compatibility, imported by "/Users/lvt53/Desktop/langflow-design/node_modules/undici/lib/web/fetch/index.js". See https://vite.dev/guide/troubleshooting.html#module-externalized-for-browser-compatibility for more details.
[plugin rolldown:vite-resolve] Module "node:http" has been externalized for browser compatibility, imported by "/Users/lvt53/Desktop/langflow-design/node_modules/undici/lib/web/fetch/index.js". See https://vite.dev/guide/troubleshooting.html#module-externalized-for-browser-compatibility for more details.
[plugin rolldown:vite-resolve] Module "node:zlib" has been externalized for browser compatibility, imported by "/Users/lvt53/Desktop/langflow-design/node_modules/undici/lib/web/fetch/index.js". See https://vite.dev/guide/troubleshooting.html#module-externalized-for-browser-compatibility for more details.
[plugin rolldown:vite-resolve] Module "node:assert" has been externalized for browser compatibility, imported by "/Users/lvt53/Desktop/langflow-design/node_modules/undici/lib/web/fetch/index.js". See https://vite.dev/guide/troubleshooting.html#module-externalized-for-browser-compatibility for more details.
[plugin rolldown:vite-resolve] Module "node:events" has been externalized for browser compatibility, imported by "/Users/lvt53/Desktop/langflow-design/node_modules/undici/lib/dispatcher/dispatcher.js". See https://vite.dev/guide/troubleshooting.html#module-externalized-for-browser-compatibility for more details.
[plugin rolldown:vite-resolve] Module "node:url" has been externalized for browser compatibility, imported by "/Users/lvt53/Desktop/langflow-design/node_modules/undici/lib/dispatcher/socks5-proxy-agent.js". See https://vite.dev/guide/troubleshooting.html#module-externalized-for-browser-compatibility for more details.
[plugin rolldown:vite-resolve] Module "node:net" has been externalized for browser compatibility, imported by "/Users/lvt53/Desktop/langflow-design/node_modules/undici/lib/dispatcher/socks5-proxy-agent.js". See https://vite.dev/guide/troubleshooting.html#module-externalized-for-browser-compatibility for more details.
[plugin rolldown:vite-resolve] Module "node:tls" has been externalized for browser compatibility, imported by "/Users/lvt53/Desktop/langflow-design/node_modules/undici/lib/dispatcher/socks5-proxy-agent.js". See https://vite.dev/guide/troubleshooting.html#module-externalized-for-browser-compatibility for more details.
[plugin rolldown:vite-resolve] Module "node:util" has been externalized for browser compatibility, imported by "/Users/lvt53/Desktop/langflow-design/node_modules/undici/lib/dispatcher/socks5-proxy-agent.js". See https://vite.dev/guide/troubleshooting.html#module-externalized-for-browser-compatibility for more details.
[plugin rolldown:vite-resolve] Module "node:net" has been externalized for browser compatibility, imported by "/Users/lvt53/Desktop/langflow-design/node_modules/undici/lib/core/connect.js". See https://vite.dev/guide/troubleshooting.html#module-externalized-for-browser-compatibility for more details.
[plugin rolldown:vite-resolve] Module "node:assert" has been externalized for browser compatibility, imported by "/Users/lvt53/Desktop/langflow-design/node_modules/undici/lib/core/connect.js". See https://vite.dev/guide/troubleshooting.html#module-externalized-for-browser-compatibility for more details.
[plugin rolldown:vite-resolve] Module "node:tls" has been externalized for browser compatibility, imported by "/Users/lvt53/Desktop/langflow-design/node_modules/undici/lib/core/connect.js". See https://vite.dev/guide/troubleshooting.html#module-externalized-for-browser-compatibility for more details.
[plugin rolldown:vite-resolve] Module "node:assert" has been externalized for browser compatibility, imported by "/Users/lvt53/Desktop/langflow-design/node_modules/undici/lib/handler/decorator-handler.js". See https://vite.dev/guide/troubleshooting.html#module-externalized-for-browser-compatibility for more details.
[plugin rolldown:vite-resolve] Module "node:util" has been externalized for browser compatibility, imported by "/Users/lvt53/Desktop/langflow-design/node_modules/undici/lib/mock/mock-pool.js". See https://vite.dev/guide/troubleshooting.html#module-externalized-for-browser-compatibility for more details.
[plugin rolldown:vite-resolve] Module "node:util" has been externalized for browser compatibility, imported by "/Users/lvt53/Desktop/langflow-design/node_modules/undici/lib/mock/mock-client.js". See https://vite.dev/guide/troubleshooting.html#module-externalized-for-browser-compatibility for more details.
[plugin rolldown:vite-resolve] Module "node:net" has been externalized for browser compatibility, imported by "/Users/lvt53/Desktop/langflow-design/node_modules/undici/lib/dispatcher/client.js". See https://vite.dev/guide/troubleshooting.html#module-externalized-for-browser-compatibility for more details.
[plugin rolldown:vite-resolve] Module "node:assert" has been externalized for browser compatibility, imported by "/Users/lvt53/Desktop/langflow-design/node_modules/undici/lib/dispatcher/client.js". See https://vite.dev/guide/troubleshooting.html#module-externalized-for-browser-compatibility for more details.
[plugin rolldown:vite-resolve] Module "node:http" has been externalized for browser compatibility, imported by "/Users/lvt53/Desktop/langflow-design/node_modules/undici/lib/dispatcher/client.js". See https://vite.dev/guide/troubleshooting.html#module-externalized-for-browser-compatibility for more details.
[plugin rolldown:vite-resolve] Module "node:diagnostics_channel" has been externalized for browser compatibility, imported by "/Users/lvt53/Desktop/langflow-design/node_modules/undici/lib/interceptor/deduplicate.js". See https://vite.dev/guide/troubleshooting.html#module-externalized-for-browser-compatibility for more details.
[plugin rolldown:vite-resolve] Module "node:stream" has been externalized for browser compatibility, imported by "/Users/lvt53/Desktop/langflow-design/node_modules/undici/lib/cache/memory-cache-store.js". See https://vite.dev/guide/troubleshooting.html#module-externalized-for-browser-compatibility for more details.
[plugin rolldown:vite-resolve] Module "node:events" has been externalized for browser compatibility, imported by "/Users/lvt53/Desktop/langflow-design/node_modules/undici/lib/cache/memory-cache-store.js". See https://vite.dev/guide/troubleshooting.html#module-externalized-for-browser-compatibility for more details.
[plugin rolldown:vite-resolve] Module "node:dns" has been externalized for browser compatibility, imported by "/Users/lvt53/Desktop/langflow-design/node_modules/undici/lib/interceptor/dns.js". See https://vite.dev/guide/troubleshooting.html#module-externalized-for-browser-compatibility for more details.
[plugin rolldown:vite-resolve] Module "node:net" has been externalized for browser compatibility, imported by "/Users/lvt53/Desktop/langflow-design/node_modules/undici/lib/interceptor/dns.js". See https://vite.dev/guide/troubleshooting.html#module-externalized-for-browser-compatibility for more details.
[plugin rolldown:vite-resolve] Module "node:util" has been externalized for browser compatibility, imported by "/Users/lvt53/Desktop/langflow-design/node_modules/undici/lib/web/fetch/formdata.js". See https://vite.dev/guide/troubleshooting.html#module-externalized-for-browser-compatibility for more details.
[plugin rolldown:vite-resolve] Module "node:assert" has been externalized for browser compatibility, imported by "/Users/lvt53/Desktop/langflow-design/node_modules/undici/lib/handler/retry-handler.js". See https://vite.dev/guide/troubleshooting.html#module-externalized-for-browser-compatibility for more details.
[plugin rolldown:vite-resolve] Module "node:sqlite" has been externalized for browser compatibility, imported by "/Users/lvt53/Desktop/langflow-design/node_modules/undici/lib/cache/sqlite-cache-store.js". See https://vite.dev/guide/troubleshooting.html#module-externalized-for-browser-compatibility for more details.
[plugin rolldown:vite-resolve] Module "node:stream" has been externalized for browser compatibility, imported by "/Users/lvt53/Desktop/langflow-design/node_modules/undici/lib/cache/sqlite-cache-store.js". See https://vite.dev/guide/troubleshooting.html#module-externalized-for-browser-compatibility for more details.
[plugin rolldown:vite-resolve] Module "node:assert" has been externalized for browser compatibility, imported by "/Users/lvt53/Desktop/langflow-design/node_modules/undici/lib/web/fetch/response.js". See https://vite.dev/guide/troubleshooting.html#module-externalized-for-browser-compatibility for more details.
[plugin rolldown:vite-resolve] Module "node:util" has been externalized for browser compatibility, imported by "/Users/lvt53/Desktop/langflow-design/node_modules/undici/lib/web/fetch/response.js". See https://vite.dev/guide/troubleshooting.html#module-externalized-for-browser-compatibility for more details.
[plugin rolldown:vite-resolve] Module "node:stream" has been externalized for browser compatibility, imported by "/Users/lvt53/Desktop/langflow-design/node_modules/undici/lib/interceptor/cache.js". See https://vite.dev/guide/troubleshooting.html#module-externalized-for-browser-compatibility for more details.
[plugin rolldown:vite-resolve] Module "node:assert" has been externalized for browser compatibility, imported by "/Users/lvt53/Desktop/langflow-design/node_modules/undici/lib/interceptor/cache.js". See https://vite.dev/guide/troubleshooting.html#module-externalized-for-browser-compatibility for more details.
[plugin rolldown:vite-resolve] Module "node:stream" has been externalized for browser compatibility, imported by "/Users/lvt53/Desktop/langflow-design/node_modules/undici/lib/core/util.js". See https://vite.dev/guide/troubleshooting.html#module-externalized-for-browser-compatibility for more details.
[plugin rolldown:vite-resolve] Module "node:querystring" has been externalized for browser compatibility, imported by "/Users/lvt53/Desktop/langflow-design/node_modules/undici/lib/core/util.js". See https://vite.dev/guide/troubleshooting.html#module-externalized-for-browser-compatibility for more details.
[plugin rolldown:vite-resolve] Module "node:events" has been externalized for browser compatibility, imported by "/Users/lvt53/Desktop/langflow-design/node_modules/undici/lib/core/util.js". See https://vite.dev/guide/troubleshooting.html#module-externalized-for-browser-compatibility for more details.
[plugin rolldown:vite-resolve] Module "node:net" has been externalized for browser compatibility, imported by "/Users/lvt53/Desktop/langflow-design/node_modules/undici/lib/core/util.js". See https://vite.dev/guide/troubleshooting.html#module-externalized-for-browser-compatibility for more details.
[plugin rolldown:vite-resolve] Module "node:assert" has been externalized for browser compatibility, imported by "/Users/lvt53/Desktop/langflow-design/node_modules/undici/lib/core/util.js". See https://vite.dev/guide/troubleshooting.html#module-externalized-for-browser-compatibility for more details.
[plugin rolldown:vite-resolve] Module "node:http" has been externalized for browser compatibility, imported by "/Users/lvt53/Desktop/langflow-design/node_modules/undici/lib/core/util.js". See https://vite.dev/guide/troubleshooting.html#module-externalized-for-browser-compatibility for more details.
[plugin rolldown:vite-resolve] Module "node:stream" has been externalized for browser compatibility, imported by "/Users/lvt53/Desktop/langflow-design/node_modules/undici/lib/web/eventsource/eventsource.js". See https://vite.dev/guide/troubleshooting.html#module-externalized-for-browser-compatibility for more details.
[plugin rolldown:vite-resolve] Module "node:assert" has been externalized for browser compatibility, imported by "/Users/lvt53/Desktop/langflow-design/node_modules/undici/lib/web/fetch/data-url.js". See https://vite.dev/guide/troubleshooting.html#module-externalized-for-browser-compatibility for more details.
[plugin rolldown:vite-resolve] Module "node:util/types" has been externalized for browser compatibility, imported by "/Users/lvt53/Desktop/langflow-design/node_modules/undici/lib/web/websocket/websocket.js". See https://vite.dev/guide/troubleshooting.html#module-externalized-for-browser-compatibility for more details.
[plugin rolldown:vite-resolve] Module "util" has been externalized for browser compatibility, imported by "/Users/lvt53/Desktop/langflow-design/node_modules/jsdom/lib/jsdom/living/helpers/runtime-script-errors.js". See https://vite.dev/guide/troubleshooting.html#module-externalized-for-browser-compatibility for more details.
[plugin rolldown:vite-resolve] Module "node:stream" has been externalized for browser compatibility, imported by "/Users/lvt53/Desktop/langflow-design/node_modules/undici/lib/interceptor/decompress.js". See https://vite.dev/guide/troubleshooting.html#module-externalized-for-browser-compatibility for more details.
[plugin rolldown:vite-resolve] Module "node:zlib" has been externalized for browser compatibility, imported by "/Users/lvt53/Desktop/langflow-design/node_modules/undici/lib/interceptor/decompress.js". See https://vite.dev/guide/troubleshooting.html#module-externalized-for-browser-compatibility for more details.
[plugin rolldown:vite-resolve] Module "node:fs" has been externalized for browser compatibility, imported by "/Users/lvt53/Desktop/langflow-design/node_modules/jsdom/lib/jsdom/living/css/helpers/computed-style.js". See https://vite.dev/guide/troubleshooting.html#module-externalized-for-browser-compatibility for more details.
[plugin rolldown:vite-resolve] Module "node:assert" has been externalized for browser compatibility, imported by "/Users/lvt53/Desktop/langflow-design/node_modules/undici/lib/handler/redirect-handler.js". See https://vite.dev/guide/troubleshooting.html#module-externalized-for-browser-compatibility for more details.
[plugin rolldown:vite-resolve] Module "node:events" has been externalized for browser compatibility, imported by "/Users/lvt53/Desktop/langflow-design/node_modules/undici/lib/handler/redirect-handler.js". See https://vite.dev/guide/troubleshooting.html#module-externalized-for-browser-compatibility for more details.
[plugin rolldown:vite-resolve] Module "node:path" has been externalized for browser compatibility, imported by "/Users/lvt53/Desktop/langflow-design/node_modules/jsdom/lib/jsdom/living/css/helpers/computed-style.js". See https://vite.dev/guide/troubleshooting.html#module-externalized-for-browser-compatibility for more details.
[plugin rolldown:vite-resolve] Module "node:util" has been externalized for browser compatibility, imported by "/Users/lvt53/Desktop/langflow-design/node_modules/undici/lib/web/fetch/headers.js". See https://vite.dev/guide/troubleshooting.html#module-externalized-for-browser-compatibility for more details.
[plugin rolldown:vite-resolve] Module "node:assert" has been externalized for browser compatibility, imported by "/Users/lvt53/Desktop/langflow-design/node_modules/undici/lib/web/fetch/headers.js". See https://vite.dev/guide/troubleshooting.html#module-externalized-for-browser-compatibility for more details.
[plugin rolldown:vite-resolve] Module "node:assert" has been externalized for browser compatibility, imported by "/Users/lvt53/Desktop/langflow-design/node_modules/undici/lib/web/fetch/request.js". See https://vite.dev/guide/troubleshooting.html#module-externalized-for-browser-compatibility for more details.
[plugin rolldown:vite-resolve] Module "node:events" has been externalized for browser compatibility, imported by "/Users/lvt53/Desktop/langflow-design/node_modules/undici/lib/web/fetch/request.js". See https://vite.dev/guide/troubleshooting.html#module-externalized-for-browser-compatibility for more details.
[plugin rolldown:vite-resolve] Module "node:util" has been externalized for browser compatibility, imported by "/Users/lvt53/Desktop/langflow-design/node_modules/undici/lib/web/fetch/request.js". See https://vite.dev/guide/troubleshooting.html#module-externalized-for-browser-compatibility for more details.
[plugin rolldown:vite-resolve] Module "node:buffer" has been externalized for browser compatibility, imported by "/Users/lvt53/Desktop/langflow-design/node_modules/undici/lib/web/fetch/index.js". See https://vite.dev/guide/troubleshooting.html#module-externalized-for-browser-compatibility for more details.
[plugin rolldown:vite-resolve] Module "node:events" has been externalized for browser compatibility, imported by "/Users/lvt53/Desktop/langflow-design/node_modules/undici/lib/web/fetch/index.js". See https://vite.dev/guide/troubleshooting.html#module-externalized-for-browser-compatibility for more details.
[plugin rolldown:vite-resolve] Module "node:stream" has been externalized for browser compatibility, imported by "/Users/lvt53/Desktop/langflow-design/node_modules/undici/lib/web/fetch/index.js". See https://vite.dev/guide/troubleshooting.html#module-externalized-for-browser-compatibility for more details.
[plugin rolldown:vite-resolve] Module "node:assert" has been externalized for browser compatibility, imported by "/Users/lvt53/Desktop/langflow-design/node_modules/undici/lib/web/fetch/index.js". See https://vite.dev/guide/troubleshooting.html#module-externalized-for-browser-compatibility for more details.
[plugin rolldown:vite-resolve] Module "node:http" has been externalized for browser compatibility, imported by "/Users/lvt53/Desktop/langflow-design/node_modules/undici/lib/web/fetch/index.js". See https://vite.dev/guide/troubleshooting.html#module-externalized-for-browser-compatibility for more details.
[plugin rolldown:vite-resolve] Module "node:zlib" has been externalized for browser compatibility, imported by "/Users/lvt53/Desktop/langflow-design/node_modules/undici/lib/web/fetch/index.js". See https://vite.dev/guide/troubleshooting.html#module-externalized-for-browser-compatibility for more details.
[plugin rolldown:vite-resolve] Module "node:async_hooks" has been externalized for browser compatibility, imported by "/Users/lvt53/Desktop/langflow-design/node_modules/undici/lib/api/api-request.js". See https://vite.dev/guide/troubleshooting.html#module-externalized-for-browser-compatibility for more details.
[plugin rolldown:vite-resolve] Module "node:util" has been externalized for browser compatibility, imported by "/Users/lvt53/Desktop/langflow-design/node_modules/undici/lib/core/diagnostics.js". See https://vite.dev/guide/troubleshooting.html#module-externalized-for-browser-compatibility for more details.
[plugin rolldown:vite-resolve] Module "node:diagnostics_channel" has been externalized for browser compatibility, imported by "/Users/lvt53/Desktop/langflow-design/node_modules/undici/lib/core/diagnostics.js". See https://vite.dev/guide/troubleshooting.html#module-externalized-for-browser-compatibility for more details.
[plugin rolldown:vite-resolve] Module "node:stream" has been externalized for browser compatibility, imported by "/Users/lvt53/Desktop/langflow-design/node_modules/undici/lib/api/api-pipeline.js". See https://vite.dev/guide/troubleshooting.html#module-externalized-for-browser-compatibility for more details.
[plugin rolldown:vite-resolve] Module "node:async_hooks" has been externalized for browser compatibility, imported by "/Users/lvt53/Desktop/langflow-design/node_modules/undici/lib/api/api-pipeline.js". See https://vite.dev/guide/troubleshooting.html#module-externalized-for-browser-compatibility for more details.
[plugin rolldown:vite-resolve] Module "node:stream" has been externalized for browser compatibility, imported by "/Users/lvt53/Desktop/langflow-design/node_modules/undici/lib/api/api-stream.js". See https://vite.dev/guide/troubleshooting.html#module-externalized-for-browser-compatibility for more details.
[plugin rolldown:vite-resolve] Module "node:async_hooks" has been externalized for browser compatibility, imported by "/Users/lvt53/Desktop/langflow-design/node_modules/undici/lib/api/api-connect.js". See https://vite.dev/guide/troubleshooting.html#module-externalized-for-browser-compatibility for more details.
[plugin rolldown:vite-resolve] Module "node:assert" has been externalized for browser compatibility, imported by "/Users/lvt53/Desktop/langflow-design/node_modules/undici/lib/api/api-stream.js". See https://vite.dev/guide/troubleshooting.html#module-externalized-for-browser-compatibility for more details.
[plugin rolldown:vite-resolve] Module "node:buffer" has been externalized for browser compatibility, imported by "/Users/lvt53/Desktop/langflow-design/node_modules/undici/lib/core/socks5-client.js". See https://vite.dev/guide/troubleshooting.html#module-externalized-for-browser-compatibility for more details.
[plugin rolldown:vite-resolve] Module "node:events" has been externalized for browser compatibility, imported by "/Users/lvt53/Desktop/langflow-design/node_modules/undici/lib/core/socks5-client.js". See https://vite.dev/guide/troubleshooting.html#module-externalized-for-browser-compatibility for more details.
[plugin rolldown:vite-resolve] Module "node:util" has been externalized for browser compatibility, imported by "/Users/lvt53/Desktop/langflow-design/node_modules/undici/lib/core/socks5-client.js". See https://vite.dev/guide/troubleshooting.html#module-externalized-for-browser-compatibility for more details.
[plugin rolldown:vite-resolve] Module "node:assert" has been externalized for browser compatibility, imported by "/Users/lvt53/Desktop/langflow-design/node_modules/undici/lib/web/infra/index.js". See https://vite.dev/guide/troubleshooting.html#module-externalized-for-browser-compatibility for more details.
[plugin rolldown:vite-resolve] Module "node:assert" has been externalized for browser compatibility, imported by "/Users/lvt53/Desktop/langflow-design/node_modules/undici/lib/api/api-pipeline.js". See https://vite.dev/guide/troubleshooting.html#module-externalized-for-browser-compatibility for more details.
[plugin rolldown:vite-resolve] Module "node:async_hooks" has been externalized for browser compatibility, imported by "/Users/lvt53/Desktop/langflow-design/node_modules/undici/lib/api/api-stream.js". See https://vite.dev/guide/troubleshooting.html#module-externalized-for-browser-compatibility for more details.
[plugin rolldown:vite-resolve] Module "node:assert" has been externalized for browser compatibility, imported by "/Users/lvt53/Desktop/langflow-design/node_modules/undici/lib/api/api-request.js". See https://vite.dev/guide/troubleshooting.html#module-externalized-for-browser-compatibility for more details.
[plugin rolldown:vite-resolve] Module "node:assert" has been externalized for browser compatibility, imported by "/Users/lvt53/Desktop/langflow-design/node_modules/undici/lib/api/api-upgrade.js". See https://vite.dev/guide/troubleshooting.html#module-externalized-for-browser-compatibility for more details.
[plugin rolldown:vite-resolve] Module "node:assert" has been externalized for browser compatibility, imported by "/Users/lvt53/Desktop/langflow-design/node_modules/undici/lib/handler/cache-revalidation-handler.js". See https://vite.dev/guide/troubleshooting.html#module-externalized-for-browser-compatibility for more details.
[plugin rolldown:vite-resolve] Module "node:async_hooks" has been externalized for browser compatibility, imported by "/Users/lvt53/Desktop/langflow-design/node_modules/undici/lib/api/api-upgrade.js". See https://vite.dev/guide/troubleshooting.html#module-externalized-for-browser-compatibility for more details.
[plugin rolldown:vite-resolve] Module "node:crypto" has been externalized for browser compatibility, imported by "/Users/lvt53/Desktop/langflow-design/node_modules/undici/lib/mock/snapshot-utils.js". See https://vite.dev/guide/troubleshooting.html#module-externalized-for-browser-compatibility for more details.
[plugin rolldown:vite-resolve] Module "node:util" has been externalized for browser compatibility, imported by "/Users/lvt53/Desktop/langflow-design/node_modules/undici/lib/mock/mock-utils.js". See https://vite.dev/guide/troubleshooting.html#module-externalized-for-browser-compatibility for more details.
[plugin rolldown:vite-resolve] Module "node:assert" has been externalized for browser compatibility, imported by "/Users/lvt53/Desktop/langflow-design/node_modules/undici/lib/core/request.js". See https://vite.dev/guide/troubleshooting.html#module-externalized-for-browser-compatibility for more details.
[plugin rolldown:vite-resolve] Module "node:stream" has been externalized for browser compatibility, imported by "/Users/lvt53/Desktop/langflow-design/node_modules/undici/lib/web/fetch/body.js". See https://vite.dev/guide/troubleshooting.html#module-externalized-for-browser-compatibility for more details.
[plugin rolldown:vite-resolve] Module "node:assert" has been externalized for browser compatibility, imported by "/Users/lvt53/Desktop/langflow-design/node_modules/undici/lib/api/api-connect.js". See https://vite.dev/guide/troubleshooting.html#module-externalized-for-browser-compatibility for more details.
[plugin rolldown:vite-resolve] Module "node:http" has been externalized for browser compatibility, imported by "/Users/lvt53/Desktop/langflow-design/node_modules/undici/lib/mock/mock-utils.js". See https://vite.dev/guide/troubleshooting.html#module-externalized-for-browser-compatibility for more details.
[plugin rolldown:vite-resolve] Module "node:crypto" has been externalized for browser compatibility, imported by "/Users/lvt53/Desktop/langflow-design/node_modules/undici/lib/web/fetch/body.js". See https://vite.dev/guide/troubleshooting.html#module-externalized-for-browser-compatibility for more details.
[plugin rolldown:vite-resolve] Module "node:util/types" has been externalized for browser compatibility, imported by "/Users/lvt53/Desktop/langflow-design/node_modules/undici/lib/web/fetch/body.js". See https://vite.dev/guide/troubleshooting.html#module-externalized-for-browser-compatibility for more details.
[plugin rolldown:vite-resolve] Module "node:assert" has been externalized for browser compatibility, imported by "/Users/lvt53/Desktop/langflow-design/node_modules/undici/lib/web/webidl/index.js". See https://vite.dev/guide/troubleshooting.html#module-externalized-for-browser-compatibility for more details.
[plugin rolldown:vite-resolve] Module "node:worker_threads" has been externalized for browser compatibility, imported by "/Users/lvt53/Desktop/langflow-design/node_modules/undici/lib/web/webidl/index.js". See https://vite.dev/guide/troubleshooting.html#module-externalized-for-browser-compatibility for more details.
[plugin rolldown:vite-resolve] Module "node:assert" has been externalized for browser compatibility, imported by "/Users/lvt53/Desktop/langflow-design/node_modules/undici/lib/web/fetch/body.js". See https://vite.dev/guide/troubleshooting.html#module-externalized-for-browser-compatibility for more details.
[plugin rolldown:vite-resolve] Module "node:util" has been externalized for browser compatibility, imported by "/Users/lvt53/Desktop/langflow-design/node_modules/undici/lib/web/webidl/index.js". See https://vite.dev/guide/troubleshooting.html#module-externalized-for-browser-compatibility for more details.
[plugin rolldown:vite-resolve] Module "node:crypto" has been externalized for browser compatibility, imported by "/Users/lvt53/Desktop/langflow-design/node_modules/undici/lib/web/websocket/frame.js". See https://vite.dev/guide/troubleshooting.html#module-externalized-for-browser-compatibility for more details.
[plugin rolldown:vite-resolve] Module "node:assert" has been externalized for browser compatibility, imported by "/Users/lvt53/Desktop/langflow-design/node_modules/undici/lib/dispatcher/client-h1.js". See https://vite.dev/guide/troubleshooting.html#module-externalized-for-browser-compatibility for more details.
[plugin rolldown:vite-resolve] Module "node:stream" has been externalized for browser compatibility, imported by "/Users/lvt53/Desktop/langflow-design/node_modules/undici/lib/mock/pending-interceptors-formatter.js". See https://vite.dev/guide/troubleshooting.html#module-externalized-for-browser-compatibility for more details.
[plugin rolldown:vite-resolve] Module "node:console" has been externalized for browser compatibility, imported by "/Users/lvt53/Desktop/langflow-design/node_modules/undici/lib/mock/pending-interceptors-formatter.js". See https://vite.dev/guide/troubleshooting.html#module-externalized-for-browser-compatibility for more details.
[plugin rolldown:vite-resolve] Module "node:querystring" has been externalized for browser compatibility, imported by "/Users/lvt53/Desktop/langflow-design/node_modules/undici/lib/web/cookies/parse.js". See https://vite.dev/guide/troubleshooting.html#module-externalized-for-browser-compatibility for more details.
[plugin rolldown:vite-resolve] Module "node:assert" has been externalized for browser compatibility, imported by "/Users/lvt53/Desktop/langflow-design/node_modules/undici/lib/web/cookies/parse.js". See https://vite.dev/guide/troubleshooting.html#module-externalized-for-browser-compatibility for more details.
[plugin rolldown:vite-resolve] Module "node:crypto" has been externalized for browser compatibility, imported by "/Users/lvt53/Desktop/langflow-design/node_modules/undici/lib/web/websocket/connection.js". See https://vite.dev/guide/troubleshooting.html#module-externalized-for-browser-compatibility for more details.
[plugin rolldown:vite-resolve] Module "node:assert" has been externalized for browser compatibility, imported by "/Users/lvt53/Desktop/langflow-design/node_modules/undici/lib/web/websocket/connection.js". See https://vite.dev/guide/troubleshooting.html#module-externalized-for-browser-compatibility for more details.
[plugin rolldown:vite-resolve] Module "node:util/types" has been externalized for browser compatibility, imported by "/Users/lvt53/Desktop/langflow-design/node_modules/undici/lib/web/fetch/util.js". See https://vite.dev/guide/troubleshooting.html#module-externalized-for-browser-compatibility for more details.
[plugin rolldown:vite-resolve] Module "node:assert" has been externalized for browser compatibility, imported by "/Users/lvt53/Desktop/langflow-design/node_modules/undici/lib/web/fetch/util.js". See https://vite.dev/guide/troubleshooting.html#module-externalized-for-browser-compatibility for more details.
[plugin rolldown:vite-resolve] Module "node:stream" has been externalized for browser compatibility, imported by "/Users/lvt53/Desktop/langflow-design/node_modules/undici/lib/web/fetch/util.js". See https://vite.dev/guide/troubleshooting.html#module-externalized-for-browser-compatibility for more details.
[plugin rolldown:vite-resolve] Module "node:stream" has been externalized for browser compatibility, imported by "/Users/lvt53/Desktop/langflow-design/node_modules/undici/lib/web/websocket/receiver.js". See https://vite.dev/guide/troubleshooting.html#module-externalized-for-browser-compatibility for more details.
[plugin rolldown:vite-resolve] Module "node:zlib" has been externalized for browser compatibility, imported by "/Users/lvt53/Desktop/langflow-design/node_modules/undici/lib/web/fetch/util.js". See https://vite.dev/guide/troubleshooting.html#module-externalized-for-browser-compatibility for more details.
[plugin rolldown:vite-resolve] Module "node:perf_hooks" has been externalized for browser compatibility, imported by "/Users/lvt53/Desktop/langflow-design/node_modules/undici/lib/web/fetch/util.js". See https://vite.dev/guide/troubleshooting.html#module-externalized-for-browser-compatibility for more details.
[plugin rolldown:vite-resolve] Module "node:assert" has been externalized for browser compatibility, imported by "/Users/lvt53/Desktop/langflow-design/node_modules/undici/lib/web/websocket/receiver.js". See https://vite.dev/guide/troubleshooting.html#module-externalized-for-browser-compatibility for more details.
[plugin rolldown:vite-resolve] Module "node:stream" has been externalized for browser compatibility, imported by "/Users/lvt53/Desktop/langflow-design/node_modules/undici/lib/web/eventsource/eventsource-stream.js". See https://vite.dev/guide/troubleshooting.html#module-externalized-for-browser-compatibility for more details.
[plugin rolldown:vite-resolve] Module "node:assert" has been externalized for browser compatibility, imported by "/Users/lvt53/Desktop/langflow-design/node_modules/undici/lib/web/cache/cache.js". See https://vite.dev/guide/troubleshooting.html#module-externalized-for-browser-compatibility for more details.
[plugin rolldown:vite-resolve] Module "node:buffer" has been externalized for browser compatibility, imported by "/Users/lvt53/Desktop/langflow-design/node_modules/undici/lib/web/websocket/util.js". See https://vite.dev/guide/troubleshooting.html#module-externalized-for-browser-compatibility for more details.
[plugin rolldown:vite-resolve] Module "node:fs/promises" has been externalized for browser compatibility, imported by "/Users/lvt53/Desktop/langflow-design/node_modules/undici/lib/mock/snapshot-recorder.js". See https://vite.dev/guide/troubleshooting.html#module-externalized-for-browser-compatibility for more details.
[plugin rolldown:vite-resolve] Module "node:path" has been externalized for browser compatibility, imported by "/Users/lvt53/Desktop/langflow-design/node_modules/undici/lib/mock/snapshot-recorder.js". See https://vite.dev/guide/troubleshooting.html#module-externalized-for-browser-compatibility for more details.
[plugin rolldown:vite-resolve] Module "node:timers" has been externalized for browser compatibility, imported by "/Users/lvt53/Desktop/langflow-design/node_modules/undici/lib/mock/snapshot-recorder.js". See https://vite.dev/guide/troubleshooting.html#module-externalized-for-browser-compatibility for more details.
[plugin rolldown:vite-resolve] Module "crypto" has been externalized for browser compatibility, imported by "/Users/lvt53/Desktop/langflow-design/node_modules/jsdom/lib/jsdom/living/crypto/Crypto-impl.js". See https://vite.dev/guide/troubleshooting.html#module-externalized-for-browser-compatibility for more details.
[plugin rolldown:vite-resolve] Module "node:sqlite" has been externalized for browser compatibility, imported by "/Users/lvt53/Desktop/langflow-design/node_modules/undici/lib/util/runtime-features.js". See https://vite.dev/guide/troubleshooting.html#module-externalized-for-browser-compatibility for more details.
[plugin rolldown:vite-resolve] Module "node:zlib" has been externalized for browser compatibility, imported by "/Users/lvt53/Desktop/langflow-design/node_modules/undici/lib/util/runtime-features.js". See https://vite.dev/guide/troubleshooting.html#module-externalized-for-browser-compatibility for more details.
[plugin rolldown:vite-resolve] Module "node:worker_threads" has been externalized for browser compatibility, imported by "/Users/lvt53/Desktop/langflow-design/node_modules/undici/lib/util/runtime-features.js". See https://vite.dev/guide/troubleshooting.html#module-externalized-for-browser-compatibility for more details.
[plugin rolldown:vite-resolve] Module "node:crypto" has been externalized for browser compatibility, imported by "/Users/lvt53/Desktop/langflow-design/node_modules/undici/lib/util/runtime-features.js". See https://vite.dev/guide/troubleshooting.html#module-externalized-for-browser-compatibility for more details.
[plugin rolldown:vite-resolve] Module "node:stream" has been externalized for browser compatibility, imported by "/Users/lvt53/Desktop/langflow-design/node_modules/undici/lib/dispatcher/client-h2.js". See https://vite.dev/guide/troubleshooting.html#module-externalized-for-browser-compatibility for more details.
[plugin rolldown:vite-resolve] Module "node:assert" has been externalized for browser compatibility, imported by "/Users/lvt53/Desktop/langflow-design/node_modules/undici/lib/dispatcher/client-h2.js". See https://vite.dev/guide/troubleshooting.html#module-externalized-for-browser-compatibility for more details.
[plugin rolldown:vite-resolve] Module "node:http2" has been externalized for browser compatibility, imported by "/Users/lvt53/Desktop/langflow-design/node_modules/undici/lib/dispatcher/client-h2.js". See https://vite.dev/guide/troubleshooting.html#module-externalized-for-browser-compatibility for more details.
[plugin rolldown:vite-resolve] Module "node:assert" has been externalized for browser compatibility, imported by "/Users/lvt53/Desktop/langflow-design/node_modules/undici/lib/web/subresource-integrity/subresource-integrity.js". See https://vite.dev/guide/troubleshooting.html#module-externalized-for-browser-compatibility for more details.
[plugin rolldown:vite-resolve] Module "node:crypto" has been externalized for browser compatibility, imported by "/Users/lvt53/Desktop/langflow-design/node_modules/undici/lib/web/subresource-integrity/subresource-integrity.js". See https://vite.dev/guide/troubleshooting.html#module-externalized-for-browser-compatibility for more details.
[plugin rolldown:vite-resolve] Module "node:assert" has been externalized for browser compatibility, imported by "/Users/lvt53/Desktop/langflow-design/node_modules/undici/lib/api/api-request.js". See https://vite.dev/guide/troubleshooting.html#module-externalized-for-browser-compatibility for more details.
[plugin rolldown:vite-resolve] Module "node:async_hooks" has been externalized for browser compatibility, imported by "/Users/lvt53/Desktop/langflow-design/node_modules/undici/lib/api/api-request.js". See https://vite.dev/guide/troubleshooting.html#module-externalized-for-browser-compatibility for more details.
[plugin rolldown:vite-resolve] Module "node:util" has been externalized for browser compatibility, imported by "/Users/lvt53/Desktop/langflow-design/node_modules/undici/lib/core/diagnostics.js". See https://vite.dev/guide/troubleshooting.html#module-externalized-for-browser-compatibility for more details.
[plugin rolldown:vite-resolve] Module "node:diagnostics_channel" has been externalized for browser compatibility, imported by "/Users/lvt53/Desktop/langflow-design/node_modules/undici/lib/core/diagnostics.js". See https://vite.dev/guide/troubleshooting.html#module-externalized-for-browser-compatibility for more details.
[plugin rolldown:vite-resolve] Module "node:stream" has been externalized for browser compatibility, imported by "/Users/lvt53/Desktop/langflow-design/node_modules/undici/lib/api/api-pipeline.js". See https://vite.dev/guide/troubleshooting.html#module-externalized-for-browser-compatibility for more details.
[plugin rolldown:vite-resolve] Module "node:async_hooks" has been externalized for browser compatibility, imported by "/Users/lvt53/Desktop/langflow-design/node_modules/undici/lib/api/api-pipeline.js". See https://vite.dev/guide/troubleshooting.html#module-externalized-for-browser-compatibility for more details.
[plugin rolldown:vite-resolve] Module "node:assert" has been externalized for browser compatibility, imported by "/Users/lvt53/Desktop/langflow-design/node_modules/undici/lib/api/api-pipeline.js". See https://vite.dev/guide/troubleshooting.html#module-externalized-for-browser-compatibility for more details.
[plugin rolldown:vite-resolve] Module "node:stream" has been externalized for browser compatibility, imported by "/Users/lvt53/Desktop/langflow-design/node_modules/undici/lib/api/api-stream.js". See https://vite.dev/guide/troubleshooting.html#module-externalized-for-browser-compatibility for more details.
[plugin rolldown:vite-resolve] Module "node:async_hooks" has been externalized for browser compatibility, imported by "/Users/lvt53/Desktop/langflow-design/node_modules/undici/lib/api/api-stream.js". See https://vite.dev/guide/troubleshooting.html#module-externalized-for-browser-compatibility for more details.
[plugin rolldown:vite-resolve] Module "node:assert" has been externalized for browser compatibility, imported by "/Users/lvt53/Desktop/langflow-design/node_modules/undici/lib/api/api-stream.js". See https://vite.dev/guide/troubleshooting.html#module-externalized-for-browser-compatibility for more details.
[plugin rolldown:vite-resolve] Module "node:async_hooks" has been externalized for browser compatibility, imported by "/Users/lvt53/Desktop/langflow-design/node_modules/undici/lib/api/api-connect.js". See https://vite.dev/guide/troubleshooting.html#module-externalized-for-browser-compatibility for more details.
[plugin rolldown:vite-resolve] Module "node:assert" has been externalized for browser compatibility, imported by "/Users/lvt53/Desktop/langflow-design/node_modules/undici/lib/api/api-connect.js". See https://vite.dev/guide/troubleshooting.html#module-externalized-for-browser-compatibility for more details.
[plugin rolldown:vite-resolve] Module "node:buffer" has been externalized for browser compatibility, imported by "/Users/lvt53/Desktop/langflow-design/node_modules/undici/lib/core/socks5-client.js". See https://vite.dev/guide/troubleshooting.html#module-externalized-for-browser-compatibility for more details.
[plugin rolldown:vite-resolve] Module "node:events" has been externalized for browser compatibility, imported by "/Users/lvt53/Desktop/langflow-design/node_modules/undici/lib/core/socks5-client.js". See https://vite.dev/guide/troubleshooting.html#module-externalized-for-browser-compatibility for more details.
[plugin rolldown:vite-resolve] Module "node:util" has been externalized for browser compatibility, imported by "/Users/lvt53/Desktop/langflow-design/node_modules/undici/lib/core/socks5-client.js". See https://vite.dev/guide/troubleshooting.html#module-externalized-for-browser-compatibility for more details.
[plugin rolldown:vite-resolve] Module "node:assert" has been externalized for browser compatibility, imported by "/Users/lvt53/Desktop/langflow-design/node_modules/undici/lib/web/infra/index.js". See https://vite.dev/guide/troubleshooting.html#module-externalized-for-browser-compatibility for more details.
[plugin rolldown:vite-resolve] Module "node:assert" has been externalized for browser compatibility, imported by "/Users/lvt53/Desktop/langflow-design/node_modules/undici/lib/core/request.js". See https://vite.dev/guide/troubleshooting.html#module-externalized-for-browser-compatibility for more details.
[plugin rolldown:vite-resolve] Module "node:async_hooks" has been externalized for browser compatibility, imported by "/Users/lvt53/Desktop/langflow-design/node_modules/undici/lib/api/api-upgrade.js". See https://vite.dev/guide/troubleshooting.html#module-externalized-for-browser-compatibility for more details.
[plugin rolldown:vite-resolve] Module "node:assert" has been externalized for browser compatibility, imported by "/Users/lvt53/Desktop/langflow-design/node_modules/undici/lib/api/api-upgrade.js". See https://vite.dev/guide/troubleshooting.html#module-externalized-for-browser-compatibility for more details.
[plugin rolldown:vite-resolve] Module "node:assert" has been externalized for browser compatibility, imported by "/Users/lvt53/Desktop/langflow-design/node_modules/undici/lib/handler/cache-revalidation-handler.js". See https://vite.dev/guide/troubleshooting.html#module-externalized-for-browser-compatibility for more details.
[plugin rolldown:vite-resolve] Module "node:crypto" has been externalized for browser compatibility, imported by "/Users/lvt53/Desktop/langflow-design/node_modules/undici/lib/mock/snapshot-utils.js". See https://vite.dev/guide/troubleshooting.html#module-externalized-for-browser-compatibility for more details.
[plugin rolldown:vite-resolve] Module "node:util" has been externalized for browser compatibility, imported by "/Users/lvt53/Desktop/langflow-design/node_modules/undici/lib/mock/mock-utils.js". See https://vite.dev/guide/troubleshooting.html#module-externalized-for-browser-compatibility for more details.
[plugin rolldown:vite-resolve] Module "node:http" has been externalized for browser compatibility, imported by "/Users/lvt53/Desktop/langflow-design/node_modules/undici/lib/mock/mock-utils.js". See https://vite.dev/guide/troubleshooting.html#module-externalized-for-browser-compatibility for more details.
[plugin rolldown:vite-resolve] Module "node:stream" has been externalized for browser compatibility, imported by "/Users/lvt53/Desktop/langflow-design/node_modules/undici/lib/web/fetch/body.js". See https://vite.dev/guide/troubleshooting.html#module-externalized-for-browser-compatibility for more details.
[plugin rolldown:vite-resolve] Module "node:util/types" has been externalized for browser compatibility, imported by "/Users/lvt53/Desktop/langflow-design/node_modules/undici/lib/web/fetch/body.js". See https://vite.dev/guide/troubleshooting.html#module-externalized-for-browser-compatibility for more details.
[plugin rolldown:vite-resolve] Module "node:crypto" has been externalized for browser compatibility, imported by "/Users/lvt53/Desktop/langflow-design/node_modules/undici/lib/web/fetch/body.js". See https://vite.dev/guide/troubleshooting.html#module-externalized-for-browser-compatibility for more details.
[plugin rolldown:vite-resolve] Module "node:assert" has been externalized for browser compatibility, imported by "/Users/lvt53/Desktop/langflow-design/node_modules/undici/lib/web/webidl/index.js". See https://vite.dev/guide/troubleshooting.html#module-externalized-for-browser-compatibility for more details.
[plugin rolldown:vite-resolve] Module "node:util" has been externalized for browser compatibility, imported by "/Users/lvt53/Desktop/langflow-design/node_modules/undici/lib/web/webidl/index.js". See https://vite.dev/guide/troubleshooting.html#module-externalized-for-browser-compatibility for more details.
[plugin rolldown:vite-resolve] Module "node:worker_threads" has been externalized for browser compatibility, imported by "/Users/lvt53/Desktop/langflow-design/node_modules/undici/lib/web/webidl/index.js". See https://vite.dev/guide/troubleshooting.html#module-externalized-for-browser-compatibility for more details.
[plugin rolldown:vite-resolve] Module "node:assert" has been externalized for browser compatibility, imported by "/Users/lvt53/Desktop/langflow-design/node_modules/undici/lib/web/fetch/body.js". See https://vite.dev/guide/troubleshooting.html#module-externalized-for-browser-compatibility for more details.
[plugin rolldown:vite-resolve] Module "node:crypto" has been externalized for browser compatibility, imported by "/Users/lvt53/Desktop/langflow-design/node_modules/undici/lib/web/websocket/frame.js". See https://vite.dev/guide/troubleshooting.html#module-externalized-for-browser-compatibility for more details.
[plugin rolldown:vite-resolve] Module "node:assert" has been externalized for browser compatibility, imported by "/Users/lvt53/Desktop/langflow-design/node_modules/undici/lib/dispatcher/client-h1.js". See https://vite.dev/guide/troubleshooting.html#module-externalized-for-browser-compatibility for more details.
[plugin rolldown:vite-resolve] Module "node:console" has been externalized for browser compatibility, imported by "/Users/lvt53/Desktop/langflow-design/node_modules/undici/lib/mock/pending-interceptors-formatter.js". See https://vite.dev/guide/troubleshooting.html#module-externalized-for-browser-compatibility for more details.
[plugin rolldown:vite-resolve] Module "node:stream" has been externalized for browser compatibility, imported by "/Users/lvt53/Desktop/langflow-design/node_modules/undici/lib/mock/pending-interceptors-formatter.js". See https://vite.dev/guide/troubleshooting.html#module-externalized-for-browser-compatibility for more details.
[plugin rolldown:vite-resolve] Module "node:querystring" has been externalized for browser compatibility, imported by "/Users/lvt53/Desktop/langflow-design/node_modules/undici/lib/web/cookies/parse.js". See https://vite.dev/guide/troubleshooting.html#module-externalized-for-browser-compatibility for more details.
[plugin rolldown:vite-resolve] Module "node:assert" has been externalized for browser compatibility, imported by "/Users/lvt53/Desktop/langflow-design/node_modules/undici/lib/web/cookies/parse.js". See https://vite.dev/guide/troubleshooting.html#module-externalized-for-browser-compatibility for more details.
[plugin rolldown:vite-resolve] Module "node:crypto" has been externalized for browser compatibility, imported by "/Users/lvt53/Desktop/langflow-design/node_modules/undici/lib/web/websocket/connection.js". See https://vite.dev/guide/troubleshooting.html#module-externalized-for-browser-compatibility for more details.
[plugin rolldown:vite-resolve] Module "node:assert" has been externalized for browser compatibility, imported by "/Users/lvt53/Desktop/langflow-design/node_modules/undici/lib/web/websocket/connection.js". See https://vite.dev/guide/troubleshooting.html#module-externalized-for-browser-compatibility for more details.
[plugin rolldown:vite-resolve] Module "node:stream" has been externalized for browser compatibility, imported by "/Users/lvt53/Desktop/langflow-design/node_modules/undici/lib/web/fetch/util.js". See https://vite.dev/guide/troubleshooting.html#module-externalized-for-browser-compatibility for more details.
[plugin rolldown:vite-resolve] Module "node:stream" has been externalized for browser compatibility, imported by "/Users/lvt53/Desktop/langflow-design/node_modules/undici/lib/web/websocket/receiver.js". See https://vite.dev/guide/troubleshooting.html#module-externalized-for-browser-compatibility for more details.
[plugin rolldown:vite-resolve] Module "node:assert" has been externalized for browser compatibility, imported by "/Users/lvt53/Desktop/langflow-design/node_modules/undici/lib/web/fetch/util.js". See https://vite.dev/guide/troubleshooting.html#module-externalized-for-browser-compatibility for more details.
[plugin rolldown:vite-resolve] Module "node:util/types" has been externalized for browser compatibility, imported by "/Users/lvt53/Desktop/langflow-design/node_modules/undici/lib/web/fetch/util.js". See https://vite.dev/guide/troubleshooting.html#module-externalized-for-browser-compatibility for more details.
[plugin rolldown:vite-resolve] Module "node:zlib" has been externalized for browser compatibility, imported by "/Users/lvt53/Desktop/langflow-design/node_modules/undici/lib/web/fetch/util.js". See https://vite.dev/guide/troubleshooting.html#module-externalized-for-browser-compatibility for more details.
[plugin rolldown:vite-resolve] Module "node:perf_hooks" has been externalized for browser compatibility, imported by "/Users/lvt53/Desktop/langflow-design/node_modules/undici/lib/web/fetch/util.js". See https://vite.dev/guide/troubleshooting.html#module-externalized-for-browser-compatibility for more details.
[plugin rolldown:vite-resolve] Module "node:assert" has been externalized for browser compatibility, imported by "/Users/lvt53/Desktop/langflow-design/node_modules/undici/lib/web/websocket/receiver.js". See https://vite.dev/guide/troubleshooting.html#module-externalized-for-browser-compatibility for more details.
[plugin rolldown:vite-resolve] Module "node:stream" has been externalized for browser compatibility, imported by "/Users/lvt53/Desktop/langflow-design/node_modules/undici/lib/web/eventsource/eventsource-stream.js". See https://vite.dev/guide/troubleshooting.html#module-externalized-for-browser-compatibility for more details.
[plugin rolldown:vite-resolve] Module "node:assert" has been externalized for browser compatibility, imported by "/Users/lvt53/Desktop/langflow-design/node_modules/undici/lib/web/cache/cache.js". See https://vite.dev/guide/troubleshooting.html#module-externalized-for-browser-compatibility for more details.
[plugin rolldown:vite-resolve] Module "node:buffer" has been externalized for browser compatibility, imported by "/Users/lvt53/Desktop/langflow-design/node_modules/undici/lib/web/websocket/util.js". See https://vite.dev/guide/troubleshooting.html#module-externalized-for-browser-compatibility for more details.
[plugin rolldown:vite-resolve] Module "node:fs/promises" has been externalized for browser compatibility, imported by "/Users/lvt53/Desktop/langflow-design/node_modules/undici/lib/mock/snapshot-recorder.js". See https://vite.dev/guide/troubleshooting.html#module-externalized-for-browser-compatibility for more details.
[plugin rolldown:vite-resolve] Module "node:timers" has been externalized for browser compatibility, imported by "/Users/lvt53/Desktop/langflow-design/node_modules/undici/lib/mock/snapshot-recorder.js". See https://vite.dev/guide/troubleshooting.html#module-externalized-for-browser-compatibility for more details.
[plugin rolldown:vite-resolve] Module "node:path" has been externalized for browser compatibility, imported by "/Users/lvt53/Desktop/langflow-design/node_modules/undici/lib/mock/snapshot-recorder.js". See https://vite.dev/guide/troubleshooting.html#module-externalized-for-browser-compatibility for more details.
[plugin rolldown:vite-resolve] Module "crypto" has been externalized for browser compatibility, imported by "/Users/lvt53/Desktop/langflow-design/node_modules/jsdom/lib/jsdom/living/crypto/Crypto-impl.js". See https://vite.dev/guide/troubleshooting.html#module-externalized-for-browser-compatibility for more details.
[plugin rolldown:vite-resolve] Module "node:sqlite" has been externalized for browser compatibility, imported by "/Users/lvt53/Desktop/langflow-design/node_modules/undici/lib/util/runtime-features.js". See https://vite.dev/guide/troubleshooting.html#module-externalized-for-browser-compatibility for more details.
[plugin rolldown:vite-resolve] Module "node:zlib" has been externalized for browser compatibility, imported by "/Users/lvt53/Desktop/langflow-design/node_modules/undici/lib/util/runtime-features.js". See https://vite.dev/guide/troubleshooting.html#module-externalized-for-browser-compatibility for more details.
[plugin rolldown:vite-resolve] Module "node:worker_threads" has been externalized for browser compatibility, imported by "/Users/lvt53/Desktop/langflow-design/node_modules/undici/lib/util/runtime-features.js". See https://vite.dev/guide/troubleshooting.html#module-externalized-for-browser-compatibility for more details.
[plugin rolldown:vite-resolve] Module "node:crypto" has been externalized for browser compatibility, imported by "/Users/lvt53/Desktop/langflow-design/node_modules/undici/lib/util/runtime-features.js". See https://vite.dev/guide/troubleshooting.html#module-externalized-for-browser-compatibility for more details.
[plugin rolldown:vite-resolve] Module "node:stream" has been externalized for browser compatibility, imported by "/Users/lvt53/Desktop/langflow-design/node_modules/undici/lib/dispatcher/client-h2.js". See https://vite.dev/guide/troubleshooting.html#module-externalized-for-browser-compatibility for more details.
[plugin rolldown:vite-resolve] Module "node:http2" has been externalized for browser compatibility, imported by "/Users/lvt53/Desktop/langflow-design/node_modules/undici/lib/dispatcher/client-h2.js". See https://vite.dev/guide/troubleshooting.html#module-externalized-for-browser-compatibility for more details.
[plugin rolldown:vite-resolve] Module "node:assert" has been externalized for browser compatibility, imported by "/Users/lvt53/Desktop/langflow-design/node_modules/undici/lib/dispatcher/client-h2.js". See https://vite.dev/guide/troubleshooting.html#module-externalized-for-browser-compatibility for more details.
[plugin rolldown:vite-resolve] Module "node:buffer" has been externalized for browser compatibility, imported by "/Users/lvt53/Desktop/langflow-design/node_modules/undici/lib/core/socks5-utils.js". See https://vite.dev/guide/troubleshooting.html#module-externalized-for-browser-compatibility for more details.
[plugin rolldown:vite-resolve] Module "node:net" has been externalized for browser compatibility, imported by "/Users/lvt53/Desktop/langflow-design/node_modules/undici/lib/core/socks5-utils.js". See https://vite.dev/guide/troubleshooting.html#module-externalized-for-browser-compatibility for more details.
[plugin rolldown:vite-resolve] Module "node:stream" has been externalized for browser compatibility, imported by "/Users/lvt53/Desktop/langflow-design/node_modules/undici/lib/api/readable.js". See https://vite.dev/guide/troubleshooting.html#module-externalized-for-browser-compatibility for more details.
[plugin rolldown:vite-resolve] Module "node:assert" has been externalized for browser compatibility, imported by "/Users/lvt53/Desktop/langflow-design/node_modules/undici/lib/api/readable.js". See https://vite.dev/guide/troubleshooting.html#module-externalized-for-browser-compatibility for more details.
[plugin rolldown:vite-resolve] Module "node:buffer" has been externalized for browser compatibility, imported by "/Users/lvt53/Desktop/langflow-design/node_modules/undici/lib/llhttp/llhttp_simd-wasm.js". See https://vite.dev/guide/troubleshooting.html#module-externalized-for-browser-compatibility for more details.
[plugin rolldown:vite-resolve] Module "node:assert" has been externalized for browser compatibility, imported by "/Users/lvt53/Desktop/langflow-design/node_modules/undici/lib/web/fetch/formdata-parser.js". See https://vite.dev/guide/troubleshooting.html#module-externalized-for-browser-compatibility for more details.
[plugin rolldown:vite-resolve] Module "node:assert" has been externalized for browser compatibility, imported by "/Users/lvt53/Desktop/langflow-design/node_modules/undici/lib/web/cache/util.js". See https://vite.dev/guide/troubleshooting.html#module-externalized-for-browser-compatibility for more details.
[plugin rolldown:vite-resolve] Module "node:zlib" has been externalized for browser compatibility, imported by "/Users/lvt53/Desktop/langflow-design/node_modules/undici/lib/web/websocket/permessage-deflate.js". See https://vite.dev/guide/troubleshooting.html#module-externalized-for-browser-compatibility for more details.
[plugin rolldown:vite-resolve] Module "node:buffer" has been externalized for browser compatibility, imported by "/Users/lvt53/Desktop/langflow-design/node_modules/undici/lib/llhttp/llhttp-wasm.js". See https://vite.dev/guide/troubleshooting.html#module-externalized-for-browser-compatibility for more details.
[plugin rolldown:vite-resolve] Module "os" has been externalized for browser compatibility, imported by "/Users/lvt53/Desktop/langflow-design/node_modules/jsdom/lib/jsdom/living/navigator/NavigatorConcurrentHardware-impl.js". See https://vite.dev/guide/troubleshooting.html#module-externalized-for-browser-compatibility for more details.
[plugin rolldown:vite-resolve] Module "vm" has been externalized for browser compatibility, imported by "/Users/lvt53/Desktop/langflow-design/node_modules/jsdom/lib/jsdom/living/nodes/HTMLScriptElement-impl.js". See https://vite.dev/guide/troubleshooting.html#module-externalized-for-browser-compatibility for more details.
[plugin rolldown:vite-resolve] Module "node:crypto" has been externalized for browser compatibility, imported by "/Users/lvt53/Desktop/langflow-design/node_modules/undici/lib/web/subresource-integrity/subresource-integrity.js". See https://vite.dev/guide/troubleshooting.html#module-externalized-for-browser-compatibility for more details.
[plugin rolldown:vite-resolve] Module "node:assert" has been externalized for browser compatibility, imported by "/Users/lvt53/Desktop/langflow-design/node_modules/undici/lib/web/subresource-integrity/subresource-integrity.js". See https://vite.dev/guide/troubleshooting.html#module-externalized-for-browser-compatibility for more details.
[plugin rolldown:vite-resolve] Module "util" has been externalized for browser compatibility, imported by "/Users/lvt53/Desktop/langflow-design/node_modules/jsdom/lib/jsdom/living/xhr/XMLHttpRequest-impl.js". See https://vite.dev/guide/troubleshooting.html#module-externalized-for-browser-compatibility for more details.
[plugin rolldown:vite-resolve] Module "node:worker_threads" has been externalized for browser compatibility, imported by "/Users/lvt53/Desktop/langflow-design/node_modules/jsdom/lib/jsdom/living/xhr/XMLHttpRequest-impl.js". See https://vite.dev/guide/troubleshooting.html#module-externalized-for-browser-compatibility for more details.
[plugin rolldown:vite-resolve] Module "node:buffer" has been externalized for browser compatibility, imported by "/Users/lvt53/Desktop/langflow-design/node_modules/undici/lib/core/socks5-utils.js". See https://vite.dev/guide/troubleshooting.html#module-externalized-for-browser-compatibility for more details.
[plugin rolldown:vite-resolve] Module "node:net" has been externalized for browser compatibility, imported by "/Users/lvt53/Desktop/langflow-design/node_modules/undici/lib/core/socks5-utils.js". See https://vite.dev/guide/troubleshooting.html#module-externalized-for-browser-compatibility for more details.
[plugin rolldown:vite-resolve] Module "node:stream" has been externalized for browser compatibility, imported by "/Users/lvt53/Desktop/langflow-design/node_modules/undici/lib/api/readable.js". See https://vite.dev/guide/troubleshooting.html#module-externalized-for-browser-compatibility for more details.
[plugin rolldown:vite-resolve] Module "node:assert" has been externalized for browser compatibility, imported by "/Users/lvt53/Desktop/langflow-design/node_modules/undici/lib/api/readable.js". See https://vite.dev/guide/troubleshooting.html#module-externalized-for-browser-compatibility for more details.
[plugin rolldown:vite-resolve] Module "node:buffer" has been externalized for browser compatibility, imported by "/Users/lvt53/Desktop/langflow-design/node_modules/undici/lib/llhttp/llhttp_simd-wasm.js". See https://vite.dev/guide/troubleshooting.html#module-externalized-for-browser-compatibility for more details.
[plugin rolldown:vite-resolve] Module "node:assert" has been externalized for browser compatibility, imported by "/Users/lvt53/Desktop/langflow-design/node_modules/undici/lib/web/fetch/formdata-parser.js". See https://vite.dev/guide/troubleshooting.html#module-externalized-for-browser-compatibility for more details.
[plugin rolldown:vite-resolve] Module "node:assert" has been externalized for browser compatibility, imported by "/Users/lvt53/Desktop/langflow-design/node_modules/undici/lib/web/cache/util.js". See https://vite.dev/guide/troubleshooting.html#module-externalized-for-browser-compatibility for more details.
[plugin rolldown:vite-resolve] Module "node:zlib" has been externalized for browser compatibility, imported by "/Users/lvt53/Desktop/langflow-design/node_modules/undici/lib/web/websocket/permessage-deflate.js". See https://vite.dev/guide/troubleshooting.html#module-externalized-for-browser-compatibility for more details.
[plugin rolldown:vite-resolve] Module "node:buffer" has been externalized for browser compatibility, imported by "/Users/lvt53/Desktop/langflow-design/node_modules/undici/lib/llhttp/llhttp-wasm.js". See https://vite.dev/guide/troubleshooting.html#module-externalized-for-browser-compatibility for more details.
[plugin rolldown:vite-resolve] Module "os" has been externalized for browser compatibility, imported by "/Users/lvt53/Desktop/langflow-design/node_modules/jsdom/lib/jsdom/living/navigator/NavigatorConcurrentHardware-impl.js". See https://vite.dev/guide/troubleshooting.html#module-externalized-for-browser-compatibility for more details.
[plugin rolldown:vite-resolve] Module "vm" has been externalized for browser compatibility, imported by "/Users/lvt53/Desktop/langflow-design/node_modules/jsdom/lib/jsdom/living/nodes/HTMLScriptElement-impl.js". See https://vite.dev/guide/troubleshooting.html#module-externalized-for-browser-compatibility for more details.
[plugin rolldown:vite-resolve] Module "util" has been externalized for browser compatibility, imported by "/Users/lvt53/Desktop/langflow-design/node_modules/jsdom/lib/jsdom/living/xhr/XMLHttpRequest-impl.js". See https://vite.dev/guide/troubleshooting.html#module-externalized-for-browser-compatibility for more details.
[plugin rolldown:vite-resolve] Module "node:worker_threads" has been externalized for browser compatibility, imported by "/Users/lvt53/Desktop/langflow-design/node_modules/jsdom/lib/jsdom/living/xhr/XMLHttpRequest-impl.js". See https://vite.dev/guide/troubleshooting.html#module-externalized-for-browser-compatibility for more details.
✓ 1753 modules transformed.
rendering chunks...
computing gzip size...
.svelte-kit/output/client/_app/version.json                           0.02 kB │ gzip:     0.04 kB
.svelte-kit/output/client/.vite/manifest.json                        91.48 kB │ gzip:     9.70 kB
.svelte-kit/output/client/_app/immutable/assets/2.BXO4xUXV.css        0.69 kB │ gzip:     0.26 kB
.svelte-kit/output/client/_app/immutable/assets/4.DPQ2osHm.css        1.03 kB │ gzip:     0.49 kB
.svelte-kit/output/client/_app/immutable/assets/0.BaXjYbUo.css       29.86 kB │ gzip:     5.46 kB
.svelte-kit/output/client/_app/immutable/chunks/Dxf2f4EZ.js           0.00 kB │ gzip:     0.02 kB
.svelte-kit/output/client/_app/immutable/chunks/DOm10RDq.js           0.03 kB │ gzip:     0.05 kB
.svelte-kit/output/client/_app/immutable/chunks/v_jBEYI6.js           0.06 kB │ gzip:     0.08 kB
.svelte-kit/output/client/_app/immutable/entry/start.NaQVXrbd.js      0.14 kB │ gzip:     0.11 kB
.svelte-kit/output/client/_app/immutable/chunks/CvblzKJ0.js           0.54 kB │ gzip:     0.31 kB
.svelte-kit/output/client/_app/immutable/chunks/DVFlasar.js           0.63 kB │ gzip:     0.37 kB
.svelte-kit/output/client/_app/immutable/chunks/C4Dqco9z.js           0.70 kB │ gzip:     0.42 kB
.svelte-kit/output/client/_app/immutable/chunks/BXCfmxsr2.js          0.73 kB │ gzip:     0.33 kB
.svelte-kit/output/client/_app/immutable/chunks/CWW2OltO2.js          0.83 kB │ gzip:     0.45 kB
.svelte-kit/output/client/_app/immutable/chunks/DqYsV_O02.js          0.97 kB │ gzip:     0.43 kB
.svelte-kit/output/client/_app/immutable/chunks/CFnnxtVh.js           0.99 kB │ gzip:     0.44 kB
.svelte-kit/output/client/_app/immutable/chunks/CjSceXtc.js           1.08 kB │ gzip:     0.57 kB
.svelte-kit/output/client/_app/immutable/chunks/DlroA_4R.js           1.13 kB │ gzip:     0.36 kB
.svelte-kit/output/client/_app/immutable/nodes/1.TDKDXAZ8.js          1.13 kB │ gzip:     0.53 kB
.svelte-kit/output/client/_app/immutable/chunks/BXIQ2yDI.js           1.16 kB │ gzip:     0.53 kB
.svelte-kit/output/client/_app/immutable/chunks/CQ_OXb9U.js           1.20 kB │ gzip:     0.66 kB
.svelte-kit/output/client/_app/immutable/chunks/DxLN9Q9A.js           1.20 kB │ gzip:     0.68 kB
.svelte-kit/output/client/_app/immutable/chunks/C_zU8P5U2.js          1.22 kB │ gzip:     0.52 kB
.svelte-kit/output/client/_app/immutable/chunks/4lVFMkrg2.js          1.35 kB │ gzip:     0.49 kB
.svelte-kit/output/client/_app/immutable/chunks/BRraTvUa.js           1.41 kB │ gzip:     0.52 kB
.svelte-kit/output/client/_app/immutable/chunks/ChYbcxfp.js           1.47 kB │ gzip:     0.81 kB
.svelte-kit/output/client/_app/immutable/chunks/DkXSAhjc.js           1.51 kB │ gzip:     0.49 kB
.svelte-kit/output/client/_app/immutable/chunks/C_oDwszp2.js          1.64 kB │ gzip:     0.68 kB
.svelte-kit/output/client/_app/immutable/chunks/W2oUka48.js           1.73 kB │ gzip:     0.59 kB
.svelte-kit/output/client/_app/immutable/chunks/CH0vTB-2.js           1.73 kB │ gzip:     0.87 kB
.svelte-kit/output/client/_app/immutable/chunks/DT2JEipQ.js           1.82 kB │ gzip:     0.75 kB
.svelte-kit/output/client/_app/immutable/chunks/BGcvyPkF.js           2.12 kB │ gzip:     0.61 kB
.svelte-kit/output/client/_app/immutable/chunks/3-T3vlpi2.js          2.15 kB │ gzip:     1.08 kB
.svelte-kit/output/client/_app/immutable/chunks/BEbPDjBT.js           2.23 kB │ gzip:     0.61 kB
.svelte-kit/output/client/_app/immutable/chunks/CBr66JUK.js           2.27 kB │ gzip:     0.66 kB
.svelte-kit/output/client/_app/immutable/chunks/y3D7e6iw.js           2.33 kB │ gzip:     0.69 kB
.svelte-kit/output/client/_app/immutable/nodes/0.87Q-xi6E.js          2.40 kB │ gzip:     0.99 kB
.svelte-kit/output/client/_app/immutable/chunks/DWbYhhYn.js           2.56 kB │ gzip:     0.68 kB
.svelte-kit/output/client/_app/immutable/chunks/BZTWu_Vb2.js          2.57 kB │ gzip:     0.81 kB
.svelte-kit/output/client/_app/immutable/chunks/ClgncJdM.js           2.64 kB │ gzip:     1.17 kB
.svelte-kit/output/client/_app/immutable/nodes/3.Ddq9stwR.js          2.69 kB │ gzip:     1.31 kB
.svelte-kit/output/client/_app/immutable/chunks/DylRyRdb2.js          2.81 kB │ gzip:     1.00 kB
.svelte-kit/output/client/_app/immutable/chunks/DIhyDgzK.js           2.84 kB │ gzip:     0.89 kB
.svelte-kit/output/client/_app/immutable/chunks/CTariiMz.js           2.87 kB │ gzip:     0.81 kB
.svelte-kit/output/client/_app/immutable/chunks/DKutFpHW2.js          2.92 kB │ gzip:     0.79 kB
.svelte-kit/output/client/_app/immutable/chunks/BrzB4Erv2.js          2.99 kB │ gzip:     0.80 kB
.svelte-kit/output/client/_app/immutable/chunks/XYjzxOPX.js           3.00 kB │ gzip:     0.78 kB
.svelte-kit/output/client/_app/immutable/chunks/B_8LAtL9.js           3.10 kB │ gzip:     0.78 kB
.svelte-kit/output/client/_app/immutable/chunks/Cu6G6SEQ.js           3.12 kB │ gzip:     1.46 kB
.svelte-kit/output/client/_app/immutable/chunks/CMcbL-9i2.js          3.23 kB │ gzip:     0.90 kB
.svelte-kit/output/client/_app/immutable/chunks/GbWJS8IA.js           3.24 kB │ gzip:     0.82 kB
.svelte-kit/output/client/_app/immutable/chunks/Cej3fkIn.js           3.25 kB │ gzip:     1.17 kB
.svelte-kit/output/client/_app/immutable/chunks/kIKR5uw-.js           3.28 kB │ gzip:     0.84 kB
.svelte-kit/output/client/_app/immutable/chunks/CDWX-j942.js          3.34 kB │ gzip:     1.20 kB
.svelte-kit/output/client/_app/immutable/chunks/CDzhB7pY.js           3.36 kB │ gzip:     1.10 kB
.svelte-kit/output/client/_app/immutable/chunks/C5nXYeyJ2.js          3.36 kB │ gzip:     1.18 kB
.svelte-kit/output/client/_app/immutable/nodes/5.D6sZxxRC.js          3.37 kB │ gzip:     1.62 kB
.svelte-kit/output/client/_app/immutable/chunks/Cq71RMZr.js           3.42 kB │ gzip:     1.51 kB
.svelte-kit/output/client/_app/immutable/chunks/B16zIN9T.js           3.49 kB │ gzip:     1.08 kB
.svelte-kit/output/client/_app/immutable/chunks/DherOHRN2.js          3.60 kB │ gzip:     0.89 kB
.svelte-kit/output/client/_app/immutable/chunks/UtzAIDDp.js           3.61 kB │ gzip:     1.59 kB
.svelte-kit/output/client/_app/immutable/chunks/CHvYiWdj.js           3.61 kB │ gzip:     1.03 kB
.svelte-kit/output/client/_app/immutable/chunks/BBa_33RO.js           3.62 kB │ gzip:     1.03 kB
.svelte-kit/output/client/_app/immutable/chunks/peo0tNRg2.js          3.66 kB │ gzip:     1.09 kB
.svelte-kit/output/client/_app/immutable/chunks/Dx17rEvh.js           3.68 kB │ gzip:     1.45 kB
.svelte-kit/output/client/_app/immutable/chunks/BChKxj4F.js           3.69 kB │ gzip:     0.96 kB
.svelte-kit/output/client/_app/immutable/chunks/BTcCD9rz2.js          3.90 kB │ gzip:     1.28 kB
.svelte-kit/output/client/_app/immutable/chunks/7Cmf6COQ.js           3.90 kB │ gzip:     0.97 kB
.svelte-kit/output/client/_app/immutable/entry/app.CNJPbhOY.js        3.92 kB │ gzip:     1.51 kB
.svelte-kit/output/client/_app/immutable/chunks/BQJRtDom2.js          3.99 kB │ gzip:     1.47 kB
.svelte-kit/output/client/_app/immutable/chunks/NV86qaET2.js          4.14 kB │ gzip:     1.67 kB
.svelte-kit/output/client/_app/immutable/chunks/UJlq7Efn2.js          4.38 kB │ gzip:     1.04 kB
.svelte-kit/output/client/_app/immutable/chunks/B9XlrmoA.js           4.42 kB │ gzip:     1.50 kB
.svelte-kit/output/client/_app/immutable/chunks/CZpq54kw2.js          4.49 kB │ gzip:     1.15 kB
.svelte-kit/output/client/_app/immutable/chunks/usm8sIIt.js           4.51 kB │ gzip:     1.05 kB
.svelte-kit/output/client/_app/immutable/chunks/CH9BH1Yu2.js          4.66 kB │ gzip:     1.12 kB
.svelte-kit/output/client/_app/immutable/chunks/gtVQ5fL32.js          4.69 kB │ gzip:     2.00 kB
.svelte-kit/output/client/_app/immutable/chunks/B4HEUju1.js           4.76 kB │ gzip:     1.53 kB
.svelte-kit/output/client/_app/immutable/chunks/BgfzqNpp2.js          4.78 kB │ gzip:     0.83 kB
.svelte-kit/output/client/_app/immutable/chunks/CzPrZ3Bp.js           5.04 kB │ gzip:     2.01 kB
.svelte-kit/output/client/_app/immutable/chunks/c2vWhrvO2.js          5.13 kB │ gzip:     1.38 kB
.svelte-kit/output/client/_app/immutable/chunks/Wy30jqHt2.js          5.26 kB │ gzip:     1.33 kB
.svelte-kit/output/client/_app/immutable/chunks/DMwiFtUR.js           5.32 kB │ gzip:     1.38 kB
.svelte-kit/output/client/_app/immutable/chunks/D3M-Up112.js          5.33 kB │ gzip:     1.55 kB
.svelte-kit/output/client/_app/immutable/chunks/BXpe0ozt.js           5.35 kB │ gzip:     2.21 kB
.svelte-kit/output/client/_app/immutable/chunks/vT0uw-TZ2.js          5.37 kB │ gzip:     1.14 kB
.svelte-kit/output/client/_app/immutable/chunks/1QFgnDT1.js           5.42 kB │ gzip:     1.23 kB
.svelte-kit/output/client/_app/immutable/chunks/5J1zFcTm2.js          5.45 kB │ gzip:     1.37 kB
.svelte-kit/output/client/_app/immutable/chunks/CCeLwgHJ.js           5.54 kB │ gzip:     1.91 kB
.svelte-kit/output/client/_app/immutable/chunks/z7H8FzUj.js           5.62 kB │ gzip:     1.36 kB
.svelte-kit/output/client/_app/immutable/chunks/Br2OF08j.js           5.77 kB │ gzip:     1.91 kB
.svelte-kit/output/client/_app/immutable/chunks/CUxt08GA.js           5.89 kB │ gzip:     1.67 kB
.svelte-kit/output/client/_app/immutable/chunks/Ds79K0gN2.js          5.89 kB │ gzip:     1.51 kB
.svelte-kit/output/client/_app/immutable/chunks/BcrpbIWE.js           5.91 kB │ gzip:     2.08 kB
.svelte-kit/output/client/_app/immutable/chunks/7SmHrjwl2.js          5.92 kB │ gzip:     1.89 kB
.svelte-kit/output/client/_app/immutable/chunks/DLQ9-VFf.js           5.94 kB │ gzip:     1.71 kB
.svelte-kit/output/client/_app/immutable/chunks/CUd9kkUW2.js          6.08 kB │ gzip:     2.33 kB
.svelte-kit/output/client/_app/immutable/chunks/Dt-ypDWK2.js          6.25 kB │ gzip:     1.59 kB
.svelte-kit/output/client/_app/immutable/chunks/YnIeiwwd2.js          6.28 kB │ gzip:     1.70 kB
.svelte-kit/output/client/_app/immutable/chunks/B0F_Iajt2.js          6.31 kB │ gzip:     1.72 kB
.svelte-kit/output/client/_app/immutable/chunks/D__vzuIY2.js          6.32 kB │ gzip:     1.38 kB
.svelte-kit/output/client/_app/immutable/chunks/Cs0dsDEc.js           6.35 kB │ gzip:     1.80 kB
.svelte-kit/output/client/_app/immutable/chunks/pEDJMTFR2.js          6.40 kB │ gzip:     1.41 kB
.svelte-kit/output/client/_app/immutable/chunks/CPhfH7CN2.js          6.41 kB │ gzip:     1.90 kB
.svelte-kit/output/client/_app/immutable/chunks/CHLsABNz2.js          6.41 kB │ gzip:     1.28 kB
.svelte-kit/output/client/_app/immutable/chunks/BOF5a91v2.js          6.47 kB │ gzip:     1.71 kB
.svelte-kit/output/client/_app/immutable/chunks/BK3VCrkR2.js          6.54 kB │ gzip:     1.41 kB
.svelte-kit/output/client/_app/immutable/chunks/DdUNZMuA.js           6.58 kB │ gzip:     1.61 kB
.svelte-kit/output/client/_app/immutable/chunks/C3GgN-uI.js           6.59 kB │ gzip:     1.82 kB
.svelte-kit/output/client/_app/immutable/chunks/BCA2HOHl.js           6.75 kB │ gzip:     1.48 kB
.svelte-kit/output/client/_app/immutable/chunks/BK-X3jWS2.js          6.84 kB │ gzip:     1.78 kB
.svelte-kit/output/client/_app/immutable/chunks/CWJCPbeI.js           6.90 kB │ gzip:     1.97 kB
.svelte-kit/output/client/_app/immutable/chunks/CRdUeVHW.js           6.91 kB │ gzip:     1.62 kB
.svelte-kit/output/client/_app/immutable/chunks/DyZX-WcO2.js          6.96 kB │ gzip:     1.88 kB
.svelte-kit/output/client/_app/immutable/chunks/BdrpTeny.js           7.16 kB │ gzip:     2.04 kB
.svelte-kit/output/client/_app/immutable/chunks/uKrHdx-72.js          7.25 kB │ gzip:     2.18 kB
.svelte-kit/output/client/_app/immutable/chunks/4B4ZCDNx.js           7.46 kB │ gzip:     2.57 kB
.svelte-kit/output/client/_app/immutable/chunks/D0OWRUAU.js           7.86 kB │ gzip:     2.54 kB
.svelte-kit/output/client/_app/immutable/chunks/DoFttQfC2.js          7.88 kB │ gzip:     1.90 kB
.svelte-kit/output/client/_app/immutable/chunks/BCcoY6SN.js           8.03 kB │ gzip:     1.45 kB
.svelte-kit/output/client/_app/immutable/chunks/BUUxVT9r.js           8.30 kB │ gzip:     1.83 kB
.svelte-kit/output/client/_app/immutable/chunks/pzTj_ZG92.js          8.38 kB │ gzip:     1.66 kB
.svelte-kit/output/client/_app/immutable/chunks/DnfFe3VB2.js          8.46 kB │ gzip:     1.68 kB
.svelte-kit/output/client/_app/immutable/chunks/C1TZ1Uqk2.js          8.50 kB │ gzip:     2.99 kB
.svelte-kit/output/client/_app/immutable/chunks/l4kmYyEb.js           8.61 kB │ gzip:     1.99 kB
.svelte-kit/output/client/_app/immutable/chunks/BuuJH9vo.js           8.77 kB │ gzip:     1.94 kB
.svelte-kit/output/client/_app/immutable/chunks/WD7rGNvG.js           8.77 kB │ gzip:     2.12 kB
.svelte-kit/output/client/_app/immutable/chunks/DsyS6uxz.js           8.78 kB │ gzip:     1.96 kB
.svelte-kit/output/client/_app/immutable/chunks/Dj2iqQl5.js           8.95 kB │ gzip:     1.76 kB
.svelte-kit/output/client/_app/immutable/chunks/DVVIPEIW2.js          9.01 kB │ gzip:     2.35 kB
.svelte-kit/output/client/_app/immutable/chunks/BlABklgV.js           9.06 kB │ gzip:     3.81 kB
.svelte-kit/output/client/_app/immutable/chunks/7gHr6o9o.js           9.09 kB │ gzip:     2.10 kB
.svelte-kit/output/client/_app/immutable/chunks/BYAZPuBm2.js          9.11 kB │ gzip:     1.96 kB
.svelte-kit/output/client/_app/immutable/chunks/CHMXYS1T.js           9.28 kB │ gzip:     2.48 kB
.svelte-kit/output/client/_app/immutable/chunks/DevU9e9D2.js          9.29 kB │ gzip:     1.96 kB
.svelte-kit/output/client/_app/immutable/chunks/CaPwqrC52.js          9.42 kB │ gzip:     2.08 kB
.svelte-kit/output/client/_app/immutable/chunks/CtRZfWT-.js           9.66 kB │ gzip:     3.06 kB
.svelte-kit/output/client/_app/immutable/chunks/zrozT2vE.js           9.68 kB │ gzip:     1.86 kB
.svelte-kit/output/client/_app/immutable/chunks/Dm-yyWA52.js          9.84 kB │ gzip:     3.37 kB
.svelte-kit/output/client/_app/immutable/chunks/DpdRzjz7.js           9.93 kB │ gzip:     2.27 kB
.svelte-kit/output/client/_app/immutable/chunks/jYp8-EXY2.js         10.04 kB │ gzip:     1.93 kB
.svelte-kit/output/client/_app/immutable/chunks/BieHS3yI.js          10.24 kB │ gzip:     2.21 kB
.svelte-kit/output/client/_app/immutable/chunks/fppkMtyz2.js         10.36 kB │ gzip:     1.37 kB
.svelte-kit/output/client/_app/immutable/chunks/Bovgeq1S2.js         10.36 kB │ gzip:     1.43 kB
.svelte-kit/output/client/_app/immutable/chunks/2YVs2yW22.js         10.43 kB │ gzip:     2.13 kB
.svelte-kit/output/client/_app/immutable/chunks/CGc6_lMw.js          10.46 kB │ gzip:     2.25 kB
.svelte-kit/output/client/_app/immutable/chunks/BY7gfhm8.js          10.46 kB │ gzip:     2.94 kB
.svelte-kit/output/client/_app/immutable/chunks/Cdi9ZkCz.js          10.55 kB │ gzip:     2.31 kB
.svelte-kit/output/client/_app/immutable/chunks/z8Lk0Qbl.js          10.72 kB │ gzip:     2.57 kB
.svelte-kit/output/client/_app/immutable/chunks/CU6lwOsf.js          10.94 kB │ gzip:     2.09 kB
.svelte-kit/output/client/_app/immutable/chunks/B4Aibi2U.js          11.18 kB │ gzip:     2.49 kB
.svelte-kit/output/client/_app/immutable/chunks/DYdWwoU02.js         11.34 kB │ gzip:     3.84 kB
.svelte-kit/output/client/_app/immutable/chunks/DVXJ-kza.js          11.38 kB │ gzip:     2.51 kB
.svelte-kit/output/client/_app/immutable/chunks/I72htpo6.js          11.40 kB │ gzip:     2.53 kB
.svelte-kit/output/client/_app/immutable/chunks/D8YkHWgu2.js         11.43 kB │ gzip:     2.10 kB
.svelte-kit/output/client/_app/immutable/chunks/DWwJRRTw.js          11.49 kB │ gzip:     2.57 kB
.svelte-kit/output/client/_app/immutable/chunks/BT-aMP4x2.js         11.93 kB │ gzip:     5.04 kB
.svelte-kit/output/client/_app/immutable/chunks/DUiS5Npa2.js         12.00 kB │ gzip:     2.17 kB
.svelte-kit/output/client/_app/immutable/chunks/CePlajzw2.js         12.04 kB │ gzip:     1.64 kB
.svelte-kit/output/client/_app/immutable/chunks/PwbaHLgO2.js         12.13 kB │ gzip:     2.36 kB
.svelte-kit/output/client/_app/immutable/chunks/Dr8A7GU5.js          12.44 kB │ gzip:     3.71 kB
.svelte-kit/output/client/_app/immutable/chunks/ClNs0fAv2.js         12.68 kB │ gzip:     1.98 kB
.svelte-kit/output/client/_app/immutable/chunks/CtXU4sAO2.js         12.88 kB │ gzip:     3.22 kB
.svelte-kit/output/client/_app/immutable/chunks/IPxNU-x3.js          13.03 kB │ gzip:     1.73 kB
.svelte-kit/output/client/_app/immutable/chunks/D1jDYniY2.js         13.20 kB │ gzip:     2.73 kB
.svelte-kit/output/client/_app/immutable/chunks/Bfv6-sib2.js         13.61 kB │ gzip:     3.03 kB
.svelte-kit/output/client/_app/immutable/chunks/DWIVZehA.js          13.65 kB │ gzip:     2.28 kB
.svelte-kit/output/client/_app/immutable/chunks/CEYnWfOy2.js         13.67 kB │ gzip:     3.05 kB
.svelte-kit/output/client/_app/immutable/chunks/DXktpT6A2.js         13.75 kB │ gzip:     3.06 kB
.svelte-kit/output/client/_app/immutable/chunks/Bao-FC032.js         13.82 kB │ gzip:     2.57 kB
.svelte-kit/output/client/_app/immutable/chunks/2pc9pNMa.js          13.95 kB │ gzip:     3.16 kB
.svelte-kit/output/client/_app/immutable/chunks/DX6-GnKX2.js         14.03 kB │ gzip:     2.85 kB
.svelte-kit/output/client/_app/immutable/chunks/B7GJH9cA.js          14.15 kB │ gzip:     3.02 kB
.svelte-kit/output/client/_app/immutable/chunks/C_UinJ3j2.js         14.26 kB │ gzip:     2.46 kB
.svelte-kit/output/client/_app/immutable/chunks/CVextoU-.js          14.27 kB │ gzip:     3.00 kB
.svelte-kit/output/client/_app/immutable/chunks/D5SIN4dr.js          14.43 kB │ gzip:     3.11 kB
.svelte-kit/output/client/_app/immutable/chunks/CQjZ_91e.js          14.43 kB │ gzip:     3.12 kB
.svelte-kit/output/client/_app/immutable/chunks/GGRxlbqL.js          14.59 kB │ gzip:     3.07 kB
.svelte-kit/output/client/_app/immutable/chunks/XRgc1_HU2.js         14.77 kB │ gzip:     3.27 kB
.svelte-kit/output/client/_app/immutable/chunks/BbNhZmuW.js          15.06 kB │ gzip:     2.71 kB
.svelte-kit/output/client/_app/immutable/chunks/B8lpgu0_.js          15.16 kB │ gzip:     3.92 kB
.svelte-kit/output/client/_app/immutable/chunks/Ba2W7ZSE.js          15.19 kB │ gzip:     2.67 kB
.svelte-kit/output/client/_app/immutable/chunks/CBta5Jlr2.js         15.50 kB │ gzip:     2.47 kB
.svelte-kit/output/client/_app/immutable/chunks/Dft2OARM.js          15.58 kB │ gzip:     3.18 kB
.svelte-kit/output/client/_app/immutable/chunks/CiKzGngC.js          15.84 kB │ gzip:     5.93 kB
.svelte-kit/output/client/_app/immutable/chunks/uztqLHXO.js          16.06 kB │ gzip:     3.09 kB
.svelte-kit/output/client/_app/immutable/chunks/CBivEAku.js          16.07 kB │ gzip:     3.06 kB
.svelte-kit/output/client/_app/immutable/nodes/2.De7UHnxw.js         16.17 kB │ gzip:     5.43 kB
.svelte-kit/output/client/_app/immutable/chunks/EeRu00Z8.js          16.19 kB │ gzip:     2.04 kB
.svelte-kit/output/client/_app/immutable/chunks/DnhoJxXs.js          16.25 kB │ gzip:     2.76 kB
.svelte-kit/output/client/_app/immutable/chunks/DDE1wl3j2.js         16.50 kB │ gzip:     2.03 kB
.svelte-kit/output/client/_app/immutable/chunks/CrZ937du2.js         16.50 kB │ gzip:     2.92 kB
.svelte-kit/output/client/_app/immutable/chunks/X-W8zrsW.js          17.12 kB │ gzip:     2.90 kB
.svelte-kit/output/client/_app/immutable/chunks/BWE5WYox.js          17.12 kB │ gzip:     2.90 kB
.svelte-kit/output/client/_app/immutable/chunks/CxuFhWIz.js          17.12 kB │ gzip:     2.92 kB
.svelte-kit/output/client/_app/immutable/chunks/C9y9yHQs.js          17.49 kB │ gzip:     3.06 kB
.svelte-kit/output/client/_app/immutable/chunks/C4hSIDrr.js          18.04 kB │ gzip:     2.51 kB
.svelte-kit/output/client/_app/immutable/chunks/B3qnE3Tw.js          18.07 kB │ gzip:     3.13 kB
.svelte-kit/output/client/_app/immutable/chunks/nEcq5IWB.js          18.21 kB │ gzip:     3.12 kB
.svelte-kit/output/client/_app/immutable/chunks/CqCLDJwr2.js         18.61 kB │ gzip:     3.10 kB
.svelte-kit/output/client/_app/immutable/chunks/CoQqK2V3.js          18.62 kB │ gzip:     3.10 kB
.svelte-kit/output/client/_app/immutable/chunks/DnYZmwIg.js          18.62 kB │ gzip:     3.12 kB
.svelte-kit/output/client/_app/immutable/chunks/BWKuTCjU.js          18.63 kB │ gzip:     3.10 kB
.svelte-kit/output/client/_app/immutable/chunks/Doc8AzxV.js          18.63 kB │ gzip:     3.11 kB
.svelte-kit/output/client/_app/immutable/chunks/BCLNxAMr2.js         18.98 kB │ gzip:     3.75 kB
.svelte-kit/output/client/_app/immutable/chunks/ZV7aguBP2.js         19.17 kB │ gzip:     3.59 kB
.svelte-kit/output/client/_app/immutable/chunks/BFRMHX5n.js          19.51 kB │ gzip:     6.65 kB
.svelte-kit/output/client/_app/immutable/chunks/CsogKEW_2.js         20.05 kB │ gzip:     2.92 kB
.svelte-kit/output/client/_app/immutable/chunks/DWR7FPHz2.js         20.05 kB │ gzip:     2.92 kB
.svelte-kit/output/client/_app/immutable/chunks/C9qgYvXS.js          20.07 kB │ gzip:     3.93 kB
.svelte-kit/output/client/_app/immutable/chunks/CVzQyY8a.js          20.08 kB │ gzip:     3.91 kB
.svelte-kit/output/client/_app/immutable/chunks/CPqMHLiZ2.js         20.14 kB │ gzip:     4.05 kB
.svelte-kit/output/client/_app/immutable/chunks/KyGWVYuv.js          20.14 kB │ gzip:     3.89 kB
.svelte-kit/output/client/_app/immutable/chunks/C9qChFgD2.js         20.35 kB │ gzip:     6.73 kB
.svelte-kit/output/client/_app/immutable/chunks/Du6D5U6j2.js         20.40 kB │ gzip:     5.21 kB
.svelte-kit/output/client/_app/immutable/chunks/BBaCKH9O2.js         20.77 kB │ gzip:     3.80 kB
.svelte-kit/output/client/_app/immutable/chunks/BeJRkp3u2.js         20.86 kB │ gzip:     3.64 kB
.svelte-kit/output/client/_app/immutable/chunks/CVantWMV.js          21.06 kB │ gzip:     3.99 kB
.svelte-kit/output/client/_app/immutable/chunks/dlHXXFN6.js          21.07 kB │ gzip:     4.02 kB
.svelte-kit/output/client/_app/immutable/chunks/l8Msgttp2.js         21.46 kB │ gzip:     2.87 kB
.svelte-kit/output/client/_app/immutable/chunks/DFmTQvXR2.js         21.74 kB │ gzip:     3.86 kB
.svelte-kit/output/client/_app/immutable/chunks/CZnicI8e2.js         21.75 kB │ gzip:     3.87 kB
.svelte-kit/output/client/_app/immutable/chunks/Bg0I8tcY2.js         21.75 kB │ gzip:     3.88 kB
.svelte-kit/output/client/_app/immutable/chunks/BhFSeEUL2.js         22.41 kB │ gzip:     3.13 kB
.svelte-kit/output/client/_app/immutable/chunks/CIbiWSWn.js          22.57 kB │ gzip:     4.31 kB
.svelte-kit/output/client/_app/immutable/chunks/DHxzJJg6.js          22.57 kB │ gzip:     6.07 kB
.svelte-kit/output/client/_app/immutable/chunks/BkcpzzJ8.js          22.63 kB │ gzip:     4.15 kB
.svelte-kit/output/client/_app/immutable/chunks/s0EqAfz5.js          22.63 kB │ gzip:     4.15 kB
.svelte-kit/output/client/_app/immutable/chunks/C7TTOQAI.js          22.63 kB │ gzip:     4.16 kB
.svelte-kit/output/client/_app/immutable/chunks/wpTPjDPY.js          22.63 kB │ gzip:     4.16 kB
.svelte-kit/output/client/_app/immutable/chunks/Bg39Zwc3.js          22.63 kB │ gzip:     4.15 kB
.svelte-kit/output/client/_app/immutable/chunks/bw-cmCSW.js          22.63 kB │ gzip:     4.16 kB
.svelte-kit/output/client/_app/immutable/chunks/DkApzird2.js         22.93 kB │ gzip:     4.65 kB
.svelte-kit/output/client/_app/immutable/chunks/DdNOksdU2.js         23.45 kB │ gzip:     7.48 kB
.svelte-kit/output/client/_app/immutable/chunks/BQdjx6R12.js         23.66 kB │ gzip:     3.65 kB
.svelte-kit/output/client/_app/immutable/chunks/DqjET_XN2.js         23.98 kB │ gzip:     7.58 kB
.svelte-kit/output/client/_app/immutable/chunks/Ouq_3A02.js          24.00 kB │ gzip:     4.15 kB
.svelte-kit/output/client/_app/immutable/chunks/BKamEBci.js          24.04 kB │ gzip:     5.40 kB
.svelte-kit/output/client/_app/immutable/chunks/Bbw821zj.js          24.22 kB │ gzip:     3.97 kB
.svelte-kit/output/client/_app/immutable/chunks/DMp7V60g2.js         24.25 kB │ gzip:     3.86 kB
.svelte-kit/output/client/_app/immutable/chunks/DvCpdROm2.js         24.43 kB │ gzip:     2.93 kB
.svelte-kit/output/client/_app/immutable/chunks/DxujJ73n2.js         24.67 kB │ gzip:     3.24 kB
.svelte-kit/output/client/_app/immutable/chunks/Btm7PBOo2.js         25.03 kB │ gzip:     2.62 kB
.svelte-kit/output/client/_app/immutable/chunks/DBTS8r1G2.js         25.29 kB │ gzip:     4.12 kB
.svelte-kit/output/client/_app/immutable/chunks/BzTxLt9X2.js         25.29 kB │ gzip:     3.63 kB
.svelte-kit/output/client/_app/immutable/chunks/DGuvOjPt.js          25.46 kB │ gzip:     3.58 kB
.svelte-kit/output/client/_app/immutable/chunks/DDHo3-OL2.js         25.62 kB │ gzip:     3.85 kB
.svelte-kit/output/client/_app/immutable/chunks/BkI3y-By2.js         25.89 kB │ gzip:     4.23 kB
.svelte-kit/output/client/_app/immutable/chunks/wj0eAhe-.js          26.19 kB │ gzip:     4.82 kB
.svelte-kit/output/client/_app/immutable/chunks/2ILkEQUT2.js         26.72 kB │ gzip:     4.35 kB
.svelte-kit/output/client/_app/immutable/chunks/zvYH8fV5.js          26.87 kB │ gzip:     3.79 kB
.svelte-kit/output/client/_app/immutable/chunks/C3bydAQs.js          27.24 kB │ gzip:     4.21 kB
.svelte-kit/output/client/_app/immutable/chunks/BbK0d0Fr.js          27.26 kB │ gzip:     4.30 kB
.svelte-kit/output/client/_app/immutable/chunks/BoQJ5C57.js          27.41 kB │ gzip:     6.34 kB
.svelte-kit/output/client/_app/immutable/chunks/C8kMd-Pu.js          27.44 kB │ gzip:     3.54 kB
.svelte-kit/output/client/_app/immutable/chunks/CMQf_Ay3.js          28.87 kB │ gzip:     3.92 kB
.svelte-kit/output/client/_app/immutable/chunks/DDn26Ho42.js         28.91 kB │ gzip:     5.14 kB
.svelte-kit/output/client/_app/immutable/chunks/DYincBbn.js          29.37 kB │ gzip:     4.42 kB
.svelte-kit/output/client/_app/immutable/chunks/5BgPpJeH.js          29.50 kB │ gzip:     3.64 kB
.svelte-kit/output/client/_app/immutable/chunks/wU1DaEf7.js          29.56 kB │ gzip:     5.94 kB
.svelte-kit/output/client/_app/immutable/chunks/CoVMbork.js          30.97 kB │ gzip:     4.28 kB
.svelte-kit/output/client/_app/immutable/chunks/C3zCQTJ4.js          31.06 kB │ gzip:     8.01 kB
.svelte-kit/output/client/_app/immutable/chunks/ClIcD-jH.js          32.10 kB │ gzip:    12.39 kB
.svelte-kit/output/client/_app/immutable/chunks/BCFz0J592.js         33.49 kB │ gzip:     5.49 kB
.svelte-kit/output/client/_app/immutable/chunks/B0Jf8N7f2.js         33.78 kB │ gzip:     5.50 kB
.svelte-kit/output/client/_app/immutable/chunks/DuK91Zy12.js         33.86 kB │ gzip:     8.34 kB
.svelte-kit/output/client/_app/immutable/chunks/BYvrhWmh2.js         35.15 kB │ gzip:     5.90 kB
.svelte-kit/output/client/_app/immutable/chunks/CvVFuXEW2.js         35.34 kB │ gzip:     4.45 kB
.svelte-kit/output/client/_app/immutable/chunks/DcQ_i_Wj.js          35.41 kB │ gzip:     5.76 kB
.svelte-kit/output/client/_app/immutable/chunks/BTrQ4dv72.js         35.66 kB │ gzip:     6.22 kB
.svelte-kit/output/client/_app/immutable/chunks/DnQqixhZ.js          37.46 kB │ gzip:     4.35 kB
.svelte-kit/output/client/_app/immutable/chunks/CRv8AKwe.js          39.06 kB │ gzip:    10.88 kB
.svelte-kit/output/client/_app/immutable/chunks/DyKvNEZI2.js         40.71 kB │ gzip:     8.16 kB
.svelte-kit/output/client/_app/immutable/chunks/DXW8nQXC2.js         41.48 kB │ gzip:     6.41 kB
.svelte-kit/output/client/_app/immutable/chunks/Daj5218A.js          41.52 kB │ gzip:     6.12 kB
.svelte-kit/output/client/_app/immutable/chunks/DBq5x5rh.js          43.11 kB │ gzip:     4.62 kB
.svelte-kit/output/client/_app/immutable/chunks/B5P94TWr.js          43.78 kB │ gzip:     8.43 kB
.svelte-kit/output/client/_app/immutable/chunks/efijqRWB.js          46.53 kB │ gzip:     5.65 kB
.svelte-kit/output/client/_app/immutable/chunks/rQrJGW-E2.js         46.81 kB │ gzip:     5.14 kB
.svelte-kit/output/client/_app/immutable/chunks/CUv9rx68.js          46.97 kB │ gzip:     6.72 kB
.svelte-kit/output/client/_app/immutable/chunks/BprY8RP0.js          47.25 kB │ gzip:     7.98 kB
.svelte-kit/output/client/_app/immutable/chunks/DUmR_cAy.js          47.25 kB │ gzip:     7.98 kB
.svelte-kit/output/client/_app/immutable/chunks/BZtCWKJF.js          47.25 kB │ gzip:     7.99 kB
.svelte-kit/output/client/_app/immutable/chunks/Dtb81cU7.js          47.26 kB │ gzip:     7.99 kB
.svelte-kit/output/client/_app/immutable/chunks/BDVxEBGB.js          48.07 kB │ gzip:     5.96 kB
.svelte-kit/output/client/_app/immutable/chunks/B44voAT_.js          49.09 kB │ gzip:    11.95 kB
.svelte-kit/output/client/_app/immutable/chunks/sK42333g.js          49.92 kB │ gzip:     9.47 kB
.svelte-kit/output/client/_app/immutable/chunks/CqKnHBS1.js          50.87 kB │ gzip:    19.87 kB
.svelte-kit/output/client/_app/immutable/chunks/CnIzbIYx.js          53.74 kB │ gzip:     8.37 kB
.svelte-kit/output/client/_app/immutable/chunks/CPA9lkdZ.js          53.74 kB │ gzip:     8.36 kB
.svelte-kit/output/client/_app/immutable/chunks/B1D8Rcvx2.js         55.87 kB │ gzip:     4.81 kB
.svelte-kit/output/client/_app/immutable/chunks/q556_BkX.js          56.99 kB │ gzip:    12.39 kB
.svelte-kit/output/client/_app/immutable/chunks/DiFQ7K1o.js          57.29 kB │ gzip:    11.76 kB
.svelte-kit/output/client/_app/immutable/chunks/CdnKSRsE2.js         58.68 kB │ gzip:     8.10 kB
.svelte-kit/output/client/_app/immutable/chunks/ldsEiIo6.js          59.32 kB │ gzip:     5.66 kB
.svelte-kit/output/client/_app/immutable/chunks/ocJDT5Fo2.js         62.44 kB │ gzip:     5.04 kB
.svelte-kit/output/client/_app/immutable/chunks/pz3Get6h.js          69.79 kB │ gzip:     9.21 kB
.svelte-kit/output/client/_app/immutable/chunks/CM9irdpu2.js         69.94 kB │ gzip:     9.09 kB
.svelte-kit/output/client/_app/immutable/chunks/BxUVsrRV2.js         72.16 kB │ gzip:    10.54 kB
.svelte-kit/output/client/_app/immutable/chunks/DcBc0jhB.js          72.61 kB │ gzip:     6.68 kB
.svelte-kit/output/client/_app/immutable/chunks/BRYxx9sR2.js         74.64 kB │ gzip:    10.69 kB
.svelte-kit/output/client/_app/immutable/chunks/xCHZ8bih2.js         80.17 kB │ gzip:    26.26 kB
.svelte-kit/output/client/_app/immutable/chunks/1xMhaaDy.js          86.68 kB │ gzip:    14.69 kB
.svelte-kit/output/client/_app/immutable/chunks/DQ61Z_I92.js         88.96 kB │ gzip:    11.18 kB
.svelte-kit/output/client/_app/immutable/chunks/C8HZqEPN.js          89.68 kB │ gzip:    10.64 kB
.svelte-kit/output/client/_app/immutable/chunks/a0IdnMtd.js          92.38 kB │ gzip:    15.07 kB
.svelte-kit/output/client/_app/immutable/chunks/WX-kWIla.js          97.62 kB │ gzip:    14.84 kB
.svelte-kit/output/client/_app/immutable/chunks/CHaKMf5l2.js        104.92 kB │ gzip:    28.27 kB
.svelte-kit/output/client/_app/immutable/chunks/UaMJDFac2.js        105.40 kB │ gzip:    23.63 kB
.svelte-kit/output/client/_app/immutable/chunks/Dw3snzpQ2.js        111.28 kB │ gzip:    28.63 kB
.svelte-kit/output/client/_app/immutable/chunks/CHP9_2zd.js         131.52 kB │ gzip:     9.31 kB
.svelte-kit/output/client/_app/immutable/chunks/D_V9P4Cv.js         136.10 kB │ gzip:    23.54 kB
.svelte-kit/output/client/_app/immutable/chunks/O5CSSlN32.js        171.96 kB │ gzip:    30.98 kB
.svelte-kit/output/client/_app/immutable/chunks/B6bAZH3J.js         174.87 kB │ gzip:    16.67 kB
.svelte-kit/output/client/_app/immutable/chunks/CRpSZVMj2.js        175.58 kB │ gzip:    16.66 kB
.svelte-kit/output/client/_app/immutable/chunks/CqkWCOtM.js         177.84 kB │ gzip:    16.76 kB
.svelte-kit/output/client/_app/immutable/chunks/C2uuRyyl2.js        181.12 kB │ gzip:    16.28 kB
.svelte-kit/output/client/_app/immutable/chunks/Cg2h_jNA.js         183.71 kB │ gzip:    16.77 kB
.svelte-kit/output/client/_app/immutable/chunks/w4PluGvJ2.js        190.01 kB │ gzip:    18.04 kB
.svelte-kit/output/client/_app/immutable/nodes/4.DK4M-BVj.js        232.89 kB │ gzip:    72.91 kB
.svelte-kit/output/client/_app/immutable/chunks/Cz40Y3dr2.js        262.38 kB │ gzip:    77.63 kB
.svelte-kit/output/client/_app/immutable/chunks/jFwPcz9a.js         622.32 kB │ gzip:   232.09 kB
.svelte-kit/output/client/_app/immutable/chunks/C1MFsN2u.js         626.10 kB │ gzip:    48.07 kB
.svelte-kit/output/client/_app/immutable/chunks/pVpmFOXf.js         779.87 kB │ gzip:   197.55 kB
.svelte-kit/output/client/_app/immutable/chunks/tiJGe0M1.js       5,849.93 kB │ gzip: 1,142.76 kB

✓ built in 656ms
[plugin builtin:vite-reporter] 
(!) Some chunks are larger than 500 kB after minification. Consider:
- Using dynamic import() to code-split the application
- Use build.rolldownOptions.output.codeSplitting to improve chunking: https://rolldown.rs/reference/OutputOptions.codeSplitting
- Adjust chunk size limit for this warning via build.chunkSizeWarningLimit.
computing gzip size...
.svelte-kit/output/server/.vite/manifest.json                                              10.04 kB │ gzip:  1.18 kB
.svelte-kit/output/server/_app/immutable/assets/_layout.BXO4xUXV.css                        0.69 kB │ gzip:  0.26 kB
.svelte-kit/output/server/_app/immutable/assets/_page.ZUqMdjBE.css                          1.01 kB │ gzip:  0.48 kB
.svelte-kit/output/server/_app/immutable/assets/_layout.DhXzzKKM.css                       29.83 kB │ gzip:  5.46 kB
.svelte-kit/output/server/chunks/index-server.js                                            0.01 kB │ gzip:  0.03 kB
.svelte-kit/output/server/chunks/navigation.js                                              0.01 kB │ gzip:  0.03 kB
.svelte-kit/output/server/entries/endpoints/api/health/_server.ts.js                        0.16 kB │ gzip:  0.15 kB
.svelte-kit/output/server/chunks/hooks.js                                                   0.21 kB │ gzip:  0.17 kB
.svelte-kit/output/server/entries/pages/(app)/_layout.server.ts.js                          0.24 kB │ gzip:  0.19 kB
.svelte-kit/output/server/chunks/chunk.js                                                   0.36 kB │ gzip:  0.25 kB
.svelte-kit/output/server/entries/pages/(app)/chat/_conversationId_/_page.ts.js             0.45 kB │ gzip:  0.28 kB
.svelte-kit/output/server/internal.js                                                       0.47 kB │ gzip:  0.22 kB
.svelte-kit/output/server/entries/endpoints/api/auth/logout/_server.ts.js                   0.50 kB │ gzip:  0.30 kB
.svelte-kit/output/server/entries/endpoints/api/conversations/_server.ts.js                 0.78 kB │ gzip:  0.37 kB
.svelte-kit/output/server/entries/hooks.server.js                                           0.80 kB │ gzip:  0.40 kB
.svelte-kit/output/server/chunks/conversations2.js                                          0.82 kB │ gzip:  0.41 kB
.svelte-kit/output/server/chunks/env.js                                                     1.13 kB │ gzip:  0.56 kB
.svelte-kit/output/server/chunks/auth.js                                                    1.26 kB │ gzip:  0.60 kB
.svelte-kit/output/server/chunks/environment.js                                             1.31 kB │ gzip:  0.56 kB
.svelte-kit/output/server/entries/endpoints/api/webhook/sentence/_server.ts.js              1.39 kB │ gzip:  0.55 kB
.svelte-kit/output/server/entries/endpoints/api/conversations/_id_/_server.ts.js            1.44 kB │ gzip:  0.48 kB
.svelte-kit/output/server/entries/endpoints/api/auth/login/_server.ts.js                    1.52 kB │ gzip:  0.70 kB
.svelte-kit/output/server/chunks/db.js                                                      1.60 kB │ gzip:  0.57 kB
.svelte-kit/output/server/chunks/webhook-buffer.js                                          1.60 kB │ gzip:  0.61 kB
.svelte-kit/output/server/entries/endpoints/api/chat/send/_server.ts.js                     1.67 kB │ gzip:  0.66 kB
.svelte-kit/output/server/chunks/time.js                                                    1.81 kB │ gzip:  0.76 kB
.svelte-kit/output/server/entries/endpoints/api/stream/webhook/_sessionId_/_server.ts.js    2.05 kB │ gzip:  0.88 kB
.svelte-kit/output/server/entries/endpoints/api/conversations/_id_/title/_server.ts.js      2.12 kB │ gzip:  0.90 kB
.svelte-kit/output/server/entries/pages/(app)/_page.svelte.js                               2.19 kB │ gzip:  0.88 kB
.svelte-kit/output/server/chunks/langflow.js                                                2.32 kB │ gzip:  0.75 kB
.svelte-kit/output/server/chunks/client.js                                                  2.39 kB │ gzip:  0.97 kB
.svelte-kit/output/server/entries/pages/login/_page.svelte.js                               2.43 kB │ gzip:  0.83 kB
.svelte-kit/output/server/entries/pages/_layout.svelte.js                                   2.58 kB │ gzip:  1.05 kB
.svelte-kit/output/server/chunks/conversations.js                                           2.61 kB │ gzip:  0.60 kB
.svelte-kit/output/server/entries/fallbacks/error.svelte.js                                 3.67 kB │ gzip:  1.35 kB
.svelte-kit/output/server/chunks/index-server2.js                                           4.29 kB │ gzip:  1.55 kB
.svelte-kit/output/server/entries/endpoints/api/chat/stream/_server.ts.js                   4.91 kB │ gzip:  1.64 kB
.svelte-kit/output/server/chunks/shared.js                                                  4.94 kB │ gzip:  1.85 kB
.svelte-kit/output/server/entries/pages/(app)/_layout.svelte.js                             9.19 kB │ gzip:  2.32 kB
.svelte-kit/output/server/chunks/exports.js                                                11.20 kB │ gzip:  3.49 kB
.svelte-kit/output/server/chunks/internal.js                                               21.73 kB │ gzip:  6.53 kB
.svelte-kit/output/server/entries/pages/(app)/chat/_conversationId_/_page.svelte.js        24.17 kB │ gzip:  6.70 kB
.svelte-kit/output/server/remote-entry.js                                                  28.57 kB │ gzip:  6.06 kB
.svelte-kit/output/server/chunks/utils.js                                                  28.63 kB │ gzip:  8.32 kB
.svelte-kit/output/server/index.js                                                        118.70 kB │ gzip: 30.31 kB
.svelte-kit/output/server/chunks/server.js                                                123.82 kB │ gzip: 32.26 kB

✓ built in 1.50s

Run npm run preview to preview your production build locally.

> Using @sveltejs/adapter-node
"node:sqlite" is imported by " node:sqlite?commonjs-external", but could not be resolved – treating it as an external dependency.
Circular dependency: node_modules/jsdom/node_modules/whatwg-url/lib/URL.js -> node_modules/jsdom/node_modules/whatwg-url/lib/URL-impl.js -> node_modules/jsdom/node_modules/whatwg-url/lib/URL.js
Circular dependency: node_modules/jsdom/lib/generated/idl/EventTarget.js -> node_modules/jsdom/lib/generated/idl/AddEventListenerOptions.js -> node_modules/jsdom/lib/generated/idl/AbortSignal.js -> node_modules/jsdom/lib/generated/idl/EventTarget.js
Circular dependency: node_modules/jsdom/lib/generated/idl/EventTarget.js -> node_modules/jsdom/lib/generated/idl/AddEventListenerOptions.js -> node_modules/jsdom/lib/generated/idl/AbortSignal.js -> node_modules/jsdom/lib/jsdom/living/aborting/AbortSignal-impl.js -> node_modules/jsdom/lib/jsdom/living/events/EventTarget-impl.js -> node_modules/jsdom/lib/generated/idl/MouseEvent.js -> node_modules/jsdom/lib/generated/idl/MouseEventInit.js -> node_modules/jsdom/lib/generated/idl/EventTarget.js
Circular dependency: node_modules/jsdom/lib/generated/idl/EventTarget.js -> node_modules/jsdom/lib/generated/idl/AddEventListenerOptions.js -> node_modules/jsdom/lib/generated/idl/AbortSignal.js -> node_modules/jsdom/lib/jsdom/living/aborting/AbortSignal-impl.js -> node_modules/jsdom/lib/jsdom/living/events/EventTarget-impl.js -> node_modules/jsdom/lib/generated/idl/MouseEvent.js -> node_modules/jsdom/lib/generated/idl/EventTarget.js
Circular dependency: node_modules/jsdom/lib/generated/idl/AbortSignal.js -> node_modules/jsdom/lib/jsdom/living/aborting/AbortSignal-impl.js -> node_modules/jsdom/lib/generated/idl/AbortSignal.js
Circular dependency: node_modules/jsdom/lib/jsdom/living/interfaces.js -> node_modules/jsdom/lib/generated/idl/NamedNodeMap.js -> node_modules/jsdom/lib/generated/idl/Attr.js -> node_modules/jsdom/lib/generated/idl/Node.js -> node_modules/jsdom/lib/jsdom/living/nodes/Node-impl.js -> node_modules/jsdom/lib/jsdom/living/node.js -> node_modules/jsdom/lib/jsdom/living/helpers/create-element.js -> node_modules/jsdom/lib/jsdom/living/interfaces.js
Circular dependency: node_modules/jsdom/lib/generated/idl/CSSStyleSheet.js -> node_modules/jsdom/lib/jsdom/living/css/CSSStyleSheet-impl.js -> node_modules/jsdom/lib/generated/idl/CSSRuleList.js -> node_modules/jsdom/lib/jsdom/living/css/CSSRuleList-impl.js -> node_modules/jsdom/lib/generated/idl/CSSImportRule.js -> node_modules/jsdom/lib/jsdom/living/css/CSSImportRule-impl.js -> node_modules/jsdom/lib/generated/idl/CSSStyleSheet.js
Circular dependency: node_modules/jsdom/lib/generated/idl/CSSRuleList.js -> node_modules/jsdom/lib/jsdom/living/css/CSSRuleList-impl.js -> node_modules/jsdom/lib/generated/idl/CSSStyleRule.js -> node_modules/jsdom/lib/generated/idl/CSSGroupingRule.js -> node_modules/jsdom/lib/jsdom/living/css/CSSGroupingRule-impl.js -> node_modules/jsdom/lib/generated/idl/CSSRuleList.js
Circular dependency: node_modules/jsdom/lib/generated/idl/CSSStyleRule.js -> node_modules/jsdom/lib/generated/idl/CSSGroupingRule.js -> node_modules/jsdom/lib/jsdom/living/css/CSSGroupingRule-impl.js -> node_modules/jsdom/lib/generated/idl/CSSStyleRule.js
Circular dependency: node_modules/@asamuzakjp/css-color/dist/esm/js/cache.js -> node_modules/@asamuzakjp/css-color/dist/esm/js/util.js -> node_modules/@asamuzakjp/css-color/dist/esm/js/cache.js
Circular dependency: node_modules/@asamuzakjp/css-color/dist/esm/js/cache.js -> node_modules/@asamuzakjp/css-color/dist/esm/js/util.js -> node_modules/@asamuzakjp/css-color/dist/esm/js/resolve.js -> node_modules/@asamuzakjp/css-color/dist/esm/js/cache.js
Circular dependency: node_modules/@asamuzakjp/css-color/dist/esm/js/cache.js -> node_modules/@asamuzakjp/css-color/dist/esm/js/util.js -> node_modules/@asamuzakjp/css-color/dist/esm/js/resolve.js -> node_modules/@asamuzakjp/css-color/dist/esm/js/color.js -> node_modules/@asamuzakjp/css-color/dist/esm/js/cache.js
Circular dependency: node_modules/@asamuzakjp/css-color/dist/esm/js/resolve.js -> node_modules/@asamuzakjp/css-color/dist/esm/js/color.js -> node_modules/@asamuzakjp/css-color/dist/esm/js/resolve.js
Circular dependency: node_modules/@asamuzakjp/css-color/dist/esm/js/util.js -> node_modules/@asamuzakjp/css-color/dist/esm/js/resolve.js -> node_modules/@asamuzakjp/css-color/dist/esm/js/color.js -> node_modules/@asamuzakjp/css-color/dist/esm/js/util.js
Circular dependency: node_modules/@asamuzakjp/css-color/dist/esm/js/css-calc.js -> node_modules/@asamuzakjp/css-color/dist/esm/js/cache.js -> node_modules/@asamuzakjp/css-color/dist/esm/js/util.js -> node_modules/@asamuzakjp/css-color/dist/esm/js/resolve.js -> node_modules/@asamuzakjp/css-color/dist/esm/js/css-calc.js
Circular dependency: node_modules/@asamuzakjp/css-color/dist/esm/js/cache.js -> node_modules/@asamuzakjp/css-color/dist/esm/js/util.js -> node_modules/@asamuzakjp/css-color/dist/esm/js/resolve.js -> node_modules/@asamuzakjp/css-color/dist/esm/js/css-var.js -> node_modules/@asamuzakjp/css-color/dist/esm/js/cache.js
Circular dependency: node_modules/@asamuzakjp/css-color/dist/esm/js/css-calc.js -> node_modules/@asamuzakjp/css-color/dist/esm/js/cache.js -> node_modules/@asamuzakjp/css-color/dist/esm/js/util.js -> node_modules/@asamuzakjp/css-color/dist/esm/js/resolve.js -> node_modules/@asamuzakjp/css-color/dist/esm/js/css-var.js -> node_modules/@asamuzakjp/css-color/dist/esm/js/css-calc.js
Circular dependency: node_modules/@asamuzakjp/css-color/dist/esm/js/util.js -> node_modules/@asamuzakjp/css-color/dist/esm/js/resolve.js -> node_modules/@asamuzakjp/css-color/dist/esm/js/css-var.js -> node_modules/@asamuzakjp/css-color/dist/esm/js/util.js
Circular dependency: node_modules/@asamuzakjp/css-color/dist/esm/js/cache.js -> node_modules/@asamuzakjp/css-color/dist/esm/js/util.js -> node_modules/@asamuzakjp/css-color/dist/esm/js/resolve.js -> node_modules/@asamuzakjp/css-color/dist/esm/js/relative-color.js -> node_modules/@asamuzakjp/css-color/dist/esm/js/cache.js
Circular dependency: node_modules/@asamuzakjp/css-color/dist/esm/js/css-calc.js -> node_modules/@asamuzakjp/css-color/dist/esm/js/cache.js -> node_modules/@asamuzakjp/css-color/dist/esm/js/util.js -> node_modules/@asamuzakjp/css-color/dist/esm/js/resolve.js -> node_modules/@asamuzakjp/css-color/dist/esm/js/relative-color.js -> node_modules/@asamuzakjp/css-color/dist/esm/js/css-calc.js
Circular dependency: node_modules/@asamuzakjp/css-color/dist/esm/js/resolve.js -> node_modules/@asamuzakjp/css-color/dist/esm/js/relative-color.js -> node_modules/@asamuzakjp/css-color/dist/esm/js/resolve.js
Circular dependency: node_modules/@asamuzakjp/css-color/dist/esm/js/util.js -> node_modules/@asamuzakjp/css-color/dist/esm/js/resolve.js -> node_modules/@asamuzakjp/css-color/dist/esm/js/relative-color.js -> node_modules/@asamuzakjp/css-color/dist/esm/js/util.js
Circular dependency: node_modules/@asamuzakjp/css-color/dist/esm/js/util.js -> node_modules/@asamuzakjp/css-color/dist/esm/js/resolve.js -> node_modules/@asamuzakjp/css-color/dist/esm/js/util.js
Circular dependency: node_modules/jsdom/lib/jsdom/living/css/helpers/css-parser.js -> node_modules/jsdom/lib/generated/idl/CSSStyleSheet.js -> node_modules/jsdom/lib/jsdom/living/css/CSSStyleSheet-impl.js -> node_modules/jsdom/lib/generated/idl/CSSRuleList.js -> node_modules/jsdom/lib/jsdom/living/css/CSSRuleList-impl.js -> node_modules/jsdom/lib/jsdom/living/css/helpers/css-parser.js
Circular dependency: node_modules/jsdom/lib/jsdom/living/css/helpers/css-parser.js -> node_modules/jsdom/lib/generated/idl/CSSStyleSheet.js -> node_modules/jsdom/lib/jsdom/living/css/CSSStyleSheet-impl.js -> node_modules/jsdom/lib/jsdom/living/css/helpers/css-parser.js
Circular dependency: node_modules/jsdom/lib/jsdom/living/css/helpers/css-parser.js -> node_modules/jsdom/lib/generated/idl/CSSKeyframesRule.js -> node_modules/jsdom/lib/jsdom/living/css/CSSKeyframesRule-impl.js -> node_modules/jsdom/lib/jsdom/living/css/helpers/css-parser.js
Circular dependency: node_modules/jsdom/lib/generated/idl/PointerEvent.js -> node_modules/jsdom/lib/generated/idl/PointerEventInit.js -> node_modules/jsdom/lib/generated/idl/PointerEvent.js
Circular dependency: node_modules/jsdom/lib/generated/idl/DOMImplementation.js -> node_modules/jsdom/lib/jsdom/living/nodes/DOMImplementation-impl.js -> node_modules/jsdom/lib/jsdom/living/documents.js -> node_modules/jsdom/lib/generated/idl/XMLDocument.js -> node_modules/jsdom/lib/generated/idl/Document.js -> node_modules/jsdom/lib/jsdom/living/nodes/Document-impl.js -> node_modules/jsdom/lib/generated/idl/DOMImplementation.js
Circular dependency: node_modules/jsdom/lib/generated/idl/Range.js -> node_modules/jsdom/lib/jsdom/living/range/Range-impl.js -> node_modules/jsdom/lib/generated/idl/Range.js
Circular dependency: node_modules/jsdom/lib/jsdom/living/documents.js -> node_modules/jsdom/lib/generated/idl/XMLDocument.js -> node_modules/jsdom/lib/generated/idl/Document.js -> node_modules/jsdom/lib/jsdom/living/nodes/Document-impl.js -> node_modules/jsdom/lib/jsdom/living/documents.js
Circular dependency: node_modules/jsdom/lib/generated/idl/StorageEvent.js -> node_modules/jsdom/lib/generated/idl/StorageEventInit.js -> node_modules/jsdom/lib/generated/idl/Storage.js -> node_modules/jsdom/lib/jsdom/living/webstorage/Storage-impl.js -> node_modules/jsdom/lib/generated/idl/StorageEvent.js
Circular dependency: node_modules/data-urls/node_modules/whatwg-url/lib/URL.js -> node_modules/data-urls/node_modules/whatwg-url/lib/URL-impl.js -> node_modules/data-urls/node_modules/whatwg-url/lib/URL.js
Circular dependency: node_modules/jsdom/lib/jsdom/browser/Window.js -> node_modules/jsdom/lib/jsdom/living/interfaces.js -> node_modules/jsdom/lib/generated/idl/HTMLFrameElement.js -> node_modules/jsdom/lib/jsdom/living/nodes/HTMLFrameElement-impl.js -> node_modules/jsdom/lib/jsdom/browser/Window.js
Circular dependency: node_modules/jsdom/lib/generated/idl/Blob.js -> node_modules/jsdom/lib/jsdom/living/file-api/Blob-impl.js -> node_modules/jsdom/lib/generated/idl/Blob.js
Circular dependency: node_modules/jsdom/lib/generated/idl/DOMRectReadOnly.js -> node_modules/jsdom/lib/jsdom/living/geometry/DOMRectReadOnly-impl.js -> node_modules/jsdom/lib/generated/idl/DOMRectReadOnly.js
Circular dependency: node_modules/jsdom/lib/generated/idl/DOMRect.js -> node_modules/jsdom/lib/jsdom/living/geometry/DOMRect-impl.js -> node_modules/jsdom/lib/generated/idl/DOMRect.js
  ✔ done
